<?xml version="1.0" encoding="UTF-8"?>
<!--
Licensed to the Apache Software Foundation (ASF) under one
or more contributor license agreements.  See the NOTICE file
distributed with this work for additional information
regarding copyright ownership.  The ASF licenses this file
to you under the Apache License, Version 2.0 (the
"License"); you may not use this file except in compliance
with the License.  You may obtain a copy of the License at

    http://www.apache.org/licenses/LICENSE-2.0

Unless required by applicable law or agreed to in writing,
software distributed under the License is distributed on an
"AS IS" BASIS, WITHOUT WARRANTIES OR CONDITIONS OF ANY
KIND, either express or implied.  See the License for the
specific language governing permissions and limitations
under the License.
-->
<project xmlns="http://maven.apache.org/POM/4.0.0" xmlns:xsi="http://www.w3.org/2001/XMLSchema-instance" xsi:schemaLocation="http://maven.apache.org/POM/4.0.0 https://maven.apache.org/xsd/maven-4.0.0.xsd">
  <modelVersion>4.0.0</modelVersion>

  <parent>
    <groupId>org.apache.maven</groupId>
    <artifactId>maven-parent</artifactId>
    <version>43</version>
    <relativePath />
  </parent>

  <artifactId>maven</artifactId>
  <version>3.9.9</version>
  <packaging>pom</packaging>

  <name>Apache Maven</name>
  <description>Maven is a software build management and
    comprehension tool. Based on the concept of a project object model:
    builds, dependency management, documentation creation, site
    publication, and distribution publication are all controlled from
    the declarative file. Maven can be extended by plugins to utilise a
    number of other development tools for reporting or the build
    process.</description>
  <url>https://maven.apache.org/ref/${project.version}/</url>
  <inceptionYear>2001</inceptionYear>

  <contributors>
    <contributor>
      <name>Stuart McCulloch</name>
    </contributor>
    <contributor>
      <name>Christian Schulte (MNG-2199)</name>
    </contributor>
    <contributor>
      <name>Christopher Tubbs (MNG-4226)</name>
    </contributor>
    <contributor>
      <name>Konstantin Perikov (MNG-4565)</name>
    </contributor>
    <contributor>
      <name>Sébastian Le Merdy (MNG-5613)</name>
    </contributor>
    <contributor>
      <name>Mark Ingram (MNG-5639)</name>
    </contributor>
    <contributor>
      <name>Phil Pratt-Szeliga (MNG-5645)</name>
    </contributor>
    <contributor>
      <name>Florencia Tarditti (PR 41)</name>
    </contributor>
    <contributor>
      <name>Anton Tanasenko</name>
    </contributor>
    <contributor>
      <name>Joseph Walton (MNG-5297)</name>
    </contributor>
    <contributor>
      <name>Fabiano Cipriano de Oliveira (MNG-6261)</name>
    </contributor>
    <contributor>
      <name>Mike Mol (MNG-6665)</name>
    </contributor>
    <contributor>
      <name>Martin Kanters (MNG-6665)</name>
    </contributor>
  </contributors>

  <modules>
    <module>maven-plugin-api</module>
    <module>maven-builder-support</module>
    <module>maven-model</module>
    <module>maven-model-builder</module>
    <module>maven-core</module>
    <module>maven-settings</module>
    <module>maven-settings-builder</module>
    <module>maven-artifact</module>
    <module>maven-resolver-provider</module>
    <module>maven-repository-metadata</module>
    <module>maven-slf4j-provider</module>
    <module>maven-embedder</module>
    <module>maven-compat</module>
    <module>apache-maven</module>
  </modules>

  <scm>
    <connection>scm:git:https://gitbox.apache.org/repos/asf/maven.git</connection>
    <developerConnection>scm:git:https://gitbox.apache.org/repos/asf/maven.git</developerConnection>
    <tag>maven-3.9.9</tag>
    <url>https://github.com/apache/maven/tree/${project.scm.tag}</url>
  </scm>
  <issueManagement>
    <system>jira</system>
    <url>https://issues.apache.org/jira/browse/MNG</url>
  </issueManagement>
  <ciManagement>
    <system>Jenkins</system>
    <url>https://ci-maven.apache.org/job/Maven/job/maven-box/job/maven/</url>
  </ciManagement>
  <distributionManagement>
    <site>
      <id>apache.website</id>
      <url>scm:svn:https://svn.apache.org/repos/asf/maven/website/components/${maven.site.path}</url>
    </site>
    <downloadUrl>https://maven.apache.org/download.html</downloadUrl>
  </distributionManagement>

  <properties>
    <javaVersion>8</javaVersion>
    <version.sisu-maven-plugin>0.9.0.M3</version.sisu-maven-plugin>
    <classWorldsVersion>2.8.0</classWorldsVersion>
    <commonsCliVersion>1.8.0</commonsCliVersion>
    <commonsIoVersion>2.16.1</commonsIoVersion>
    <junitVersion>4.13.2</junitVersion>
    <hamcrestVersion>3.0</hamcrestVersion>
    <mockitoVersion>4.11.0</mockitoVersion>
    <!-- plexus 2.1.1 is broken -->
    <plexusVersion>2.1.0</plexusVersion>
    <plexusInterpolationVersion>1.27</plexusInterpolationVersion>
    <!-- Blocked by 3.4.0+ changes, see MNG-7710, downgrade from parent 4.0.1 -->
    <version.plexus-utils>3.5.1</version.plexus-utils>
    <guiceVersion>5.1.0</guiceVersion>
    <guavaVersion>33.2.1-jre</guavaVersion>
    <guavafailureaccessVersion>1.0.2</guavafailureaccessVersion>
    <wagonVersion>3.5.3</wagonVersion>
    <securityDispatcherVersion>2.0</securityDispatcherVersion>
    <cipherVersion>2.0</cipherVersion>
    <jxpathVersion>1.3</jxpathVersion>
    <resolverVersion>1.9.22</resolverVersion>
    <slf4jVersion>1.7.36</slf4jVersion>
    <xmlunitVersion>2.10.0</xmlunitVersion>
    <powermockVersion>2.0.9</powermockVersion>
    <maven.test.redirectTestOutputToFile>true</maven.test.redirectTestOutputToFile>
    <!-- Control the name of the distribution and information output by mvn -->
    <distributionId>apache-maven</distributionId>
    <distributionShortName>Maven</distributionShortName>
    <distributionName>Apache Maven</distributionName>
    <maven.site.path>ref/3-LATEST</maven.site.path>
    <checkstyle.violation.ignore>None</checkstyle.violation.ignore>
    <checkstyle.excludes>**/package-info.java</checkstyle.excludes>
    <project.build.outputTimestamp>2024-08-14T08:48:47Z</project.build.outputTimestamp>
  </properties>

  <!--bootstrap-start-comment-->
  <dependencyManagement>
    <!--bootstrap-end-comment-->
    <dependencies>
      <!--  Maven Modules -->
      <!--bootstrap-start-comment-->
      <dependency>
        <groupId>org.apache.maven</groupId>
        <artifactId>maven-model</artifactId>
        <version>${project.version}</version>
      </dependency>
      <dependency>
        <groupId>org.apache.maven</groupId>
        <artifactId>maven-settings</artifactId>
        <version>${project.version}</version>
      </dependency>
      <dependency>
        <groupId>org.apache.maven</groupId>
        <artifactId>maven-settings-builder</artifactId>
        <version>${project.version}</version>
      </dependency>
      <dependency>
        <groupId>org.apache.maven</groupId>
        <artifactId>maven-plugin-api</artifactId>
        <version>${project.version}</version>
      </dependency>
      <dependency>
        <groupId>org.apache.maven</groupId>
        <artifactId>maven-embedder</artifactId>
        <version>${project.version}</version>
      </dependency>
      <dependency>
        <groupId>org.apache.maven</groupId>
        <artifactId>maven-core</artifactId>
        <version>${project.version}</version>
      </dependency>
      <dependency>
        <groupId>org.apache.maven</groupId>
        <artifactId>maven-model-builder</artifactId>
        <version>${project.version}</version>
      </dependency>
      <dependency>
        <groupId>org.apache.maven</groupId>
        <artifactId>maven-compat</artifactId>
        <version>${project.version}</version>
      </dependency>
      <dependency>
        <groupId>org.apache.maven</groupId>
        <artifactId>maven-artifact</artifactId>
        <version>${project.version}</version>
      </dependency>
      <dependency>
        <groupId>org.apache.maven</groupId>
        <artifactId>maven-resolver-provider</artifactId>
        <version>${project.version}</version>
      </dependency>
      <dependency>
        <groupId>org.apache.maven</groupId>
        <artifactId>maven-repository-metadata</artifactId>
        <version>${project.version}</version>
      </dependency>
      <dependency>
        <groupId>org.apache.maven</groupId>
        <artifactId>maven-builder-support</artifactId>
        <version>${project.version}</version>
      </dependency>
      <dependency>
        <groupId>org.apache.maven</groupId>
        <artifactId>maven-slf4j-provider</artifactId>
        <version>${project.version}</version>
      </dependency>
      <!--bootstrap-end-comment-->
      <!--  Plexus -->
      <dependency>
        <groupId>org.codehaus.plexus</groupId>
        <artifactId>plexus-utils</artifactId>
        <version>${version.plexus-utils}</version>
      </dependency>
      <dependency>
        <groupId>com.google.inject</groupId>
        <artifactId>guice</artifactId>
        <version>${guiceVersion}</version>
        <exclusions>
          <exclusion>
            <groupId>com.google.guava</groupId>
            <artifactId>guava</artifactId>
          </exclusion>
        </exclusions>
      </dependency>
      <dependency>
        <!-- This is a transitive dep of com.google.inject:guice -->
        <groupId>com.google.guava</groupId>
        <artifactId>guava</artifactId>
        <version>${guavaVersion}</version>
        <exclusions>
          <exclusion>
            <groupId>com.google.code.findbugs</groupId>
            <artifactId>jsr305</artifactId>
          </exclusion>
          <exclusion>
            <groupId>com.google.errorprone</groupId>
            <artifactId>error_prone_annotations</artifactId>
          </exclusion>
          <exclusion>
            <groupId>com.google.guava</groupId>
            <artifactId>failureaccess</artifactId>
          </exclusion>
          <exclusion>
            <groupId>com.google.guava</groupId>
            <artifactId>listenablefuture</artifactId>
          </exclusion>
          <exclusion>
            <groupId>com.google.j2objc</groupId>
            <artifactId>j2objc-annotations</artifactId>
          </exclusion>
          <exclusion>
            <groupId>org.checkerframework</groupId>
            <artifactId>checker-qual</artifactId>
          </exclusion>
        </exclusions>
      </dependency>
      <dependency>
        <!-- This is a transitive dep of com.google.guava:guava -->
        <groupId>com.google.guava</groupId>
        <artifactId>failureaccess</artifactId>
        <version>${guavafailureaccessVersion}</version>
      </dependency>
      <dependency>
        <groupId>org.eclipse.sisu</groupId>
        <artifactId>org.eclipse.sisu.plexus</artifactId>
        <version>${version.sisu-maven-plugin}</version>
        <exclusions>
          <exclusion>
            <!-- Way too easy to conflict with plugins to be in Maven and leak in plugins -->
            <groupId>javax.enterprise</groupId>
            <artifactId>cdi-api</artifactId>
          </exclusion>
        </exclusions>
      </dependency>
      <dependency>
        <groupId>org.eclipse.sisu</groupId>
        <artifactId>org.eclipse.sisu.inject</artifactId>
        <version>${version.sisu-maven-plugin}</version>
      </dependency>
      <dependency>
        <groupId>javax.inject</groupId>
        <artifactId>javax.inject</artifactId>
        <version>1</version>
      </dependency>
      <dependency>
        <groupId>javax.annotation</groupId>
        <artifactId>javax.annotation-api</artifactId>
        <version>1.3.2</version>
      </dependency>
      <dependency>
        <groupId>org.codehaus.plexus</groupId>
        <artifactId>plexus-component-annotations</artifactId>
        <version>${plexusVersion}</version>
        <exclusions>
          <exclusion>
            <groupId>junit</groupId>
            <artifactId>junit</artifactId>
          </exclusion>
    