[vole-profile] descriptor_read_us=286 descriptor_parse_us=1612 descriptor_len=948903
[vole-profile] manifest_read_us=9 field_open_total_us=1920
[vole-profile] store_open_us=42 field_open_us=1922 index_open_us=5 session_open_total_us=1969
[vole-profile-stage] observe_us=17 probe_us=0 lookup_calls=0 index_nodes=0 index_read_us=0 index_parse_us=0 dispatch_us=12 materialize_us=10
[vole-profile-stage] observe_us=498 probe_us=0 lookup_calls=4 index_nodes=4 index_read_us=22 index_parse_us=1 dispatch_us=496 materialize_us=60
[vole-profile-stage] observe_us=134 probe_us=0 lookup_calls=4 index_nodes=4 index_read_us=21 index_parse_us=0 dispatch_us=130 materialize_us=0
[vole-profile-stage] observe_us=35 probe_us=0 lookup_calls=4 index_nodes=4 index_read_us=22 index_parse_us=0 dispatch_us=31 materialize_us=0
[vole-profile-stage] observe_us=31 probe_us=0 lookup_calls=4 index_nodes=4 index_read_us=20 index_parse_us=0 dispatch_us=29 materialize_us=0
[vole-profile-stage] observe_us=29 probe_us=0 lookup_calls=4 index_nodes=4 index_read_us=20 index_parse_us=0 dispatch_us=27 materialize_us=0
[vole-profile-stage] observe_us=29 probe_us=0 lookup_calls=4 index_nodes=4 index_read_us=20 index_parse_us=0 dispatch_us=28 materialize_us=0
[vole-profile-stage] observe_us=2 probe_us=0 lookup_calls=0 index_nodes=0 index_read_us=0 index_parse_us=0 dispatch_us=0 materialize_us=0
observe-batch: request 7: UnsupportedFeature: revision lineage is a PDF-native observation; format docx has no revision structure
[vole-profile] request_loop_total_us=1195 observe_dispatch_us=802 observe_calls=8 serialize_us=371
[vole-profile] descriptor_read_us=219 descriptor_parse_us=1652 descriptor_len=948903
[vole-profile] manifest_read_us=6 field_open_total_us=1883
[vole-profile] store_open_us=40 field_open_us=1886 index_open_us=2 session_open_total_us=1928
[vole-profile-stage] observe_us=13 probe_us=0 lookup_calls=0 index_nodes=0 index_read_us=0 index_parse_us=0 dispatch_us=9 materialize_us=5
[vole-profile-stage] observe_us=414 probe_us=0 lookup_calls=4 index_nodes=4 index_read_us=24 index_parse_us=1 dispatch_us=412 materialize_us=55
[vole-profile-stage] observe_us=131 probe_us=0 lookup_calls=4 index_nodes=4 index_read_us=21 index_parse_us=0 dispatch_us=129 materialize_us=0
[vole-profile-stage] observe_us=31 probe_us=0 lookup_calls=4 index_nodes=4 index_read_us=21 index_parse_us=0 dispatch_us=28 materialize_us=0
[vole-profile-stage] observe_us=31 probe_us=0 lookup_calls=4 index_nodes=4 index_read_us=20 index_parse_us=0 dispatch_us=29 materialize_us=0
[vole-profile-stage] observe_us=28 probe_us=0 lookup_calls=4 index_nodes=4 index_read_us=20 index_parse_us=0 dispatch_us=27 materialize_us=0
[vole-profile-stage] observe_us=28 probe_us=0 lookup_calls=4 index_nodes=4 index_read_us=20 index_parse_us=0 dispatch_us=27 materialize_us=0
[vole-profile-stage] observe_us=2 probe_us=0 lookup_calls=0 index_nodes=0 index_read_us=0 index_parse_us=0 dispatch_us=0 materialize_us=0
observe-batch: request 7: UnsupportedFeature: revision lineage is a PDF-native observation; format docx has no revision structure
[vole-profile] request_loop_total_us=1037 observe_dispatch_us=702 observe_calls=8 serialize_us=314
[vole-profile] descriptor_read_us=273 descriptor_parse_us=1659 descriptor_len=948903
[vole-profile] manifest_read_us=7 field_open_total_us=1947
[vole-profile] store_open_us=33 field_open_us=1949 index_open_us=5 session_open_total_us=1987
[vole-profile-stage] observe_us=11 probe_us=0 lookup_calls=0 index_nodes=0 index_read_us=0 index_parse_us=0 dispatch_us=8 materialize_us=7
[vole-profile-stage] observe_us=462 probe_us=0 lookup_calls=4 index_nodes=4 index_read_us=22 index_parse_us=2 dispatch_us=459 materialize_us=63
[vole-profile-stage] observe_us=154 probe_us=0 lookup_calls=4 index_nodes=4 index_read_us=21 index_parse_us=1 dispatch_us=150 materialize_us=0
[vole-profile-stage] observe_us=31 probe_us=0 lookup_calls=4 index_nodes=4 index_read_us=21 index_parse_us=0 dispatch_us=28 materialize_us=0
[vole-profile-stage] observe_us=30 probe_us=0 lookup_calls=4 index_nodes=4 index_read_us=20 index_parse_us=0 dispatch_us=28 materialize_us=0
[vole-profile-stage] observe_us=29 probe_us=0 lookup_calls=4 index_nodes=4 index_read_us=20 index_parse_us=0 dispatch_us=27 materialize_us=0
[vole-profile-stage] observe_us=28 probe_us=0 lookup_calls=4 index_nodes=4 index_read_us=20 index_parse_us=0 dispatch_us=27 materialize_us=0
[vole-profile-stage] observe_us=2 probe_us=0 lookup_calls=0 index_nodes=0 index_read_us=0 index_parse_us=0 dispatch_us=0 materialize_us=0
observe-batch: request 7: UnsupportedFeature: revision lineage is a PDF-native observation; format docx has no revision structure
[vole-profile] request_loop_total_us=1120 observe_dispatch_us=778 observe_calls=8 serialize_us=323
[vole-profile] descriptor_read_us=291 descriptor_parse_us=1645 descriptor_len=948903
[vole-profile] manifest_read_us=6 field_open_total_us=1950
[vole-profile] store_open_us=32 field_open_us=1952 index_open_us=1 session_open_total_us=1985
[vole-profile-stage] observe_us=10 probe_us=0 lookup_calls=0 index_nodes=0 index_read_us=0 index_parse_us=0 dispatch_us=7 materialize_us=5
[vole-profile-stage] observe_us=452 probe_us=0 lookup_calls=4 index_nodes=4 index_read_us=22 index_parse_us=1 dispatch_us=450 materialize_us=67
[vole-profile-stage] observe_us=139 probe_us=0 lookup_calls=4 index_nodes=4 index_read_us=21 index_parse_us=0 dispatch_us=136 materialize_us=0
[vole-profile-stage] observe_us=31 probe_us=0 lookup_calls=4 index_nodes=4 index_read_us=21 index_parse_us=0 dispatch_us=28 materialize_us=0
[vole-profile-stage] observe_us=30 probe_us=0 lookup_calls=4 index_nodes=4 index_read_us=20 index_parse_us=0 dispatch_us=28 materialize_us=0
[vole-profile-stage] observe_us=29 probe_us=0 lookup_calls=4 index_nodes=4 index_read_us=20 index_parse_us=0 dispatch_us=27 materialize_us=0
[vole-profile-stage] observe_us=28 probe_us=0 lookup_calls=4 index_nodes=4 index_read_us=20 index_parse_us=0 dispatch_us=26 materialize_us=0
[vole-profile-stage] observe_us=2 probe_us=0 lookup_calls=0 index_nodes=0 index_read_us=0 index_parse_us=0 dispatch_us=0 materialize_us=0
observe-batch: request 7: UnsupportedFeature: revision lineage is a PDF-native observation; format docx has no revision structure
[vole-profile] request_loop_total_us=1104 observe_dispatch_us=748 observe_calls=8 serialize_us=336
[vole-profile] descriptor_read_us=292 descriptor_parse_us=1621 descriptor_len=948903
[vole-profile] manifest_read_us=7 field_open_total_us=1927
[vole-profile] store_open_us=33 field_open_us=1929 index_open_us=4 session_open_total_us=1966
[vole-profile-stage] observe_us=10 probe_us=0 lookup_calls=0 index_nodes=0 index_read_us=0 index_parse_us=0 dispatch_us=7 materialize_us=5
[vole-profile-stage] observe_us=427 probe_us=0 lookup_calls=4 index_nodes=4 index_read_us=22 index_parse_us=1 dispatch_us=424 materialize_us=57
[vole-profile-stage] observe_us=135 probe_us=0 lookup_calls=4 index_nodes=4 index_read_us=21 index_parse_us=0 dispatch_us=132 materialize_us=0
[vole-profile-stage] observe_us=30 probe_us=0 lookup_calls=4 index_nodes=4 index_read_us=21 index_parse_us=0 dispatch_us=28 materialize_us=0
[vole-profile-stage] observe_us=32 probe_us=0 lookup_calls=4 index_nodes=4 index_read_us=23 index_parse_us=0 dispatch_us=30 materialize_us=0
[vole-profile-stage] observe_us=28 probe_us=0 lookup_calls=4 index_nodes=4 index_read_us=20 index_parse_us=0 dispatch_us=26 materialize_us=0
[vole-profile-stage] observe_us=28 probe_us=0 lookup_calls=4 index_nodes=4 index_read_us=20 index_parse_us=0 dispatch_us=26 materialize_us=0
[vole-profile-stage] observe_us=2 probe_us=0 lookup_calls=0 index_nodes=0 index_read_us=0 index_parse_us=0 dispatch_us=0 materialize_us=0
observe-batch: request 7: UnsupportedFeature: revision lineage is a PDF-native observation; format docx has no revision structure
[vole-profile] request_loop_total_us=1047 observe_dispatch_us=718 observe_calls=8 serialize_us=309
