[vole-profile] descriptor_read_us=78 descriptor_parse_us=458 descriptor_len=264184
[vole-profile] manifest_read_us=8 field_open_total_us=553
[vole-profile] store_open_us=48 field_open_us=555 index_open_us=2 session_open_total_us=605
[vole-profile-stage] observe_us=15 probe_us=0 lookup_calls=0 index_nodes=0 index_read_us=0 index_parse_us=0 dispatch_us=11 materialize_us=9
[vole-profile-stage] observe_us=37 probe_us=30 lookup_calls=1 index_nodes=2 index_read_us=13 index_parse_us=2 dispatch_us=5 materialize_us=0
[vole-profile-stage] observe_us=5 probe_us=0 lookup_calls=0 index_nodes=0 index_read_us=0 index_parse_us=0 dispatch_us=3 materialize_us=0
[vole-profile-stage] observe_us=30 probe_us=0 lookup_calls=1 index_nodes=2 index_read_us=9 index_parse_us=0 dispatch_us=28 materialize_us=8
[vole-profile] request_loop_total_us=120 observe_dispatch_us=99 observe_calls=4 serialize_us=9
[vole-profile] descriptor_read_us=86 descriptor_parse_us=473 descriptor_len=264184
[vole-profile] manifest_read_us=9 field_open_total_us=575
[vole-profile] store_open_us=38 field_open_us=576 index_open_us=2 session_open_total_us=616
[vole-profile-stage] observe_us=10 probe_us=0 lookup_calls=0 index_nodes=0 index_read_us=0 index_parse_us=0 dispatch_us=7 materialize_us=6
[vole-profile-stage] observe_us=32 probe_us=25 lookup_calls=1 index_nodes=2 index_read_us=12 index_parse_us=3 dispatch_us=4 materialize_us=0
[vole-profile-stage] observe_us=5 probe_us=0 lookup_calls=0 index_nodes=0 index_read_us=0 index_parse_us=0 dispatch_us=3 materialize_us=0
[vole-profile-stage] observe_us=28 probe_us=0 lookup_calls=1 index_nodes=2 index_read_us=9 index_parse_us=0 dispatch_us=26 materialize_us=7
[vole-profile] request_loop_total_us=105 observe_dispatch_us=88 observe_calls=4 serialize_us=8
[vole-profile] descriptor_read_us=67 descriptor_parse_us=452 descriptor_len=264184
[vole-profile] manifest_read_us=7 field_open_total_us=532
[vole-profile] store_open_us=34 field_open_us=534 index_open_us=1 session_open_total_us=569
[vole-profile-stage] observe_us=7 probe_us=0 lookup_calls=0 index_nodes=0 index_read_us=0 index_parse_us=0 dispatch_us=5 materialize_us=4
[vole-profile-stage] observe_us=32 probe_us=25 lookup_calls=1 index_nodes=2 index_read_us=13 index_parse_us=2 dispatch_us=4 materialize_us=0
[vole-profile-stage] observe_us=5 probe_us=0 lookup_calls=0 index_nodes=0 index_read_us=0 index_parse_us=0 dispatch_us=3 materialize_us=0
[vole-profile-stage] observe_us=28 probe_us=0 lookup_calls=1 index_nodes=2 index_read_us=9 index_parse_us=0 dispatch_us=26 materialize_us=7
[vole-profile] request_loop_total_us=102 observe_dispatch_us=85 observe_calls=4 serialize_us=8
[vole-profile] descriptor_read_us=79 descriptor_parse_us=464 descriptor_len=264184
[vole-profile] manifest_read_us=5 field_open_total_us=554
[vole-profile] store_open_us=40 field_open_us=556 index_open_us=2 session_open_total_us=598
[vole-profile-stage] observe_us=11 probe_us=0 lookup_calls=0 index_nodes=0 index_read_us=0 index_parse_us=0 dispatch_us=6 materialize_us=4
[vole-profile-stage] observe_us=27 probe_us=21 lookup_calls=1 index_nodes=2 index_read_us=12 index_parse_us=2 dispatch_us=4 materialize_us=0
[vole-profile-stage] observe_us=4 probe_us=0 lookup_calls=0 index_nodes=0 index_read_us=0 index_parse_us=0 dispatch_us=2 materialize_us=0
[vole-profile-stage] observe_us=28 probe_us=0 lookup_calls=1 index_nodes=2 index_read_us=8 index_parse_us=0 dispatch_us=26 materialize_us=7
[vole-profile] request_loop_total_us=99 observe_dispatch_us=82 observe_calls=4 serialize_us=7
[vole-profile] descriptor_read_us=82 descriptor_parse_us=462 descriptor_len=264184
[vole-profile] manifest_read_us=5 field_open_total_us=557
[vole-profile] store_open_us=40 field_open_us=560 index_open_us=2 session_open_total_us=602
[vole-profile-stage] observe_us=11 probe_us=0 lookup_calls=0 index_nodes=0 index_read_us=0 index_parse_us=0 dispatch_us=8 materialize_us=6
[vole-profile-stage] observe_us=36 probe_us=28 lookup_calls=1 index_nodes=2 index_read_us=14 index_parse_us=2 dispatch_us=5 materialize_us=0
[vole-profile-stage] observe_us=5 probe_us=0 lookup_calls=0 index_nodes=0 index_read_us=0 index_parse_us=0 dispatch_us=3 materialize_us=0
[vole-profile-stage] observe_us=31 probe_us=0 lookup_calls=1 index_nodes=2 index_read_us=9 index_parse_us=1 dispatch_us=29 materialize_us=8
[vole-profile] request_loop_total_us=126 observe_dispatch_us=105 observe_calls=4 serialize_us=10
