[vole-profile] descriptor_read_us=98 descriptor_parse_us=541 descriptor_len=311108
[vole-profile] manifest_read_us=14 field_open_total_us=665
[vole-profile] store_open_us=42 field_open_us=674 index_open_us=4 session_open_total_us=720
[vole-profile-stage] observe_us=15 probe_us=0 lookup_calls=0 index_nodes=0 index_read_us=0 index_parse_us=0 dispatch_us=11 materialize_us=9
[vole-profile-stage] observe_us=33 probe_us=27 lookup_calls=1 index_nodes=2 index_read_us=13 index_parse_us=3 dispatch_us=3 materialize_us=0
[vole-profile-stage] observe_us=5 probe_us=0 lookup_calls=0 index_nodes=0 index_read_us=0 index_parse_us=0 dispatch_us=4 materialize_us=0
[vole-profile-stage] observe_us=16 probe_us=0 lookup_calls=1 index_nodes=2 index_read_us=3 index_parse_us=0 dispatch_us=14 materialize_us=5
[vole-profile] request_loop_total_us=100 observe_dispatch_us=82 observe_calls=4 serialize_us=8
[vole-profile] descriptor_read_us=95 descriptor_parse_us=543 descriptor_len=311108
[vole-profile] manifest_read_us=6 field_open_total_us=651
[vole-profile] store_open_us=38 field_open_us=654 index_open_us=1 session_open_total_us=693
[vole-profile-stage] observe_us=11 probe_us=0 lookup_calls=0 index_nodes=0 index_read_us=0 index_parse_us=0 dispatch_us=7 materialize_us=6
[vole-profile-stage] observe_us=31 probe_us=25 lookup_calls=1 index_nodes=2 index_read_us=12 index_parse_us=2 dispatch_us=4 materialize_us=0
[vole-profile-stage] observe_us=5 probe_us=0 lookup_calls=0 index_nodes=0 index_read_us=0 index_parse_us=0 dispatch_us=3 materialize_us=0
[vole-profile-stage] observe_us=14 probe_us=0 lookup_calls=1 index_nodes=2 index_read_us=3 index_parse_us=0 dispatch_us=13 materialize_us=4
[vole-profile] request_loop_total_us=90 observe_dispatch_us=72 observe_calls=4 serialize_us=8
[vole-profile] descriptor_read_us=84 descriptor_parse_us=531 descriptor_len=311108
[vole-profile] manifest_read_us=8 field_open_total_us=630
[vole-profile] store_open_us=51 field_open_us=632 index_open_us=4 session_open_total_us=687
[vole-profile-stage] observe_us=8 probe_us=0 lookup_calls=0 index_nodes=0 index_read_us=0 index_parse_us=0 dispatch_us=5 materialize_us=4
[vole-profile-stage] observe_us=29 probe_us=22 lookup_calls=1 index_nodes=2 index_read_us=10 index_parse_us=2 dispatch_us=4 materialize_us=0
[vole-profile-stage] observe_us=5 probe_us=0 lookup_calls=0 index_nodes=0 index_read_us=0 index_parse_us=0 dispatch_us=3 materialize_us=0
[vole-profile-stage] observe_us=14 probe_us=0 lookup_calls=1 index_nodes=2 index_read_us=3 index_parse_us=0 dispatch_us=12 materialize_us=3
[vole-profile] request_loop_total_us=85 observe_dispatch_us=68 observe_calls=4 serialize_us=8
[vole-profile] descriptor_read_us=94 descriptor_parse_us=534 descriptor_len=311108
[vole-profile] manifest_read_us=7 field_open_total_us=640
[vole-profile] store_open_us=36 field_open_us=642 index_open_us=2 session_open_total_us=680
[vole-profile-stage] observe_us=10 probe_us=0 lookup_calls=0 index_nodes=0 index_read_us=0 index_parse_us=0 dispatch_us=7 materialize_us=6
[vole-profile-stage] observe_us=27 probe_us=22 lookup_calls=1 index_nodes=2 index_read_us=12 index_parse_us=2 dispatch_us=3 materialize_us=0
[vole-profile-stage] observe_us=4 probe_us=0 lookup_calls=0 index_nodes=0 index_read_us=0 index_parse_us=0 dispatch_us=2 materialize_us=0
[vole-profile-stage] observe_us=14 probe_us=0 lookup_calls=1 index_nodes=2 index_read_us=3 index_parse_us=0 dispatch_us=12 materialize_us=4
[vole-profile] request_loop_total_us=83 observe_dispatch_us=67 observe_calls=4 serialize_us=8
[vole-profile] descriptor_read_us=80 descriptor_parse_us=527 descriptor_len=311108
[vole-profile] manifest_read_us=6 field_open_total_us=619
[vole-profile] store_open_us=28 field_open_us=621 index_open_us=2 session_open_total_us=651
[vole-profile-stage] observe_us=7 probe_us=0 lookup_calls=0 index_nodes=0 index_read_us=0 index_parse_us=0 dispatch_us=5 materialize_us=4
[vole-profile-stage] observe_us=28 probe_us=22 lookup_calls=1 index_nodes=2 index_read_us=11 index_parse_us=2 dispatch_us=3 materialize_us=0
[vole-profile-stage] observe_us=3 probe_us=0 lookup_calls=0 index_nodes=0 index_read_us=0 index_parse_us=0 dispatch_us=2 materialize_us=0
[vole-profile-stage] observe_us=14 probe_us=0 lookup_calls=1 index_nodes=2 index_read_us=3 index_parse_us=0 dispatch_us=12 materialize_us=3
[vole-profile] request_loop_total_us=86 observe_dispatch_us=69 observe_calls=4 serialize_us=8
