[vole-profile] descriptor_read_us=392 descriptor_parse_us=2124 descriptor_len=1237736
[vole-profile] manifest_read_us=9 field_open_total_us=2539
[vole-profile] store_open_us=10 field_open_us=2543 index_open_us=2 session_open_total_us=2555
[vole-profile-stage] observe_us=20 probe_us=0 lookup_calls=0 index_nodes=0 index_read_us=0 index_parse_us=0 dispatch_us=14 materialize_us=10
[vole-profile-stage] observe_us=88 probe_us=0 lookup_calls=4 index_nodes=4 index_read_us=28 index_parse_us=4 dispatch_us=86 materialize_us=12
[vole-profile-stage] observe_us=1147 probe_us=0 lookup_calls=61 index_nodes=61 index_read_us=374 index_parse_us=8 dispatch_us=1145 materialize_us=225
[vole-profile-stage] observe_us=298 probe_us=0 lookup_calls=19 index_nodes=19 index_read_us=116 index_parse_us=0 dispatch_us=295 materialize_us=51
[vole-profile-stage] observe_us=476 probe_us=0 lookup_calls=31 index_nodes=31 index_read_us=198 index_parse_us=0 dispatch_us=474 materialize_us=89
[vole-profile-stage] observe_us=25 probe_us=0 lookup_calls=1 index_nodes=1 index_read_us=6 index_parse_us=0 dispatch_us=23 materialize_us=4
[vole-profile-stage] observe_us=27 probe_us=0 lookup_calls=1 index_nodes=1 index_read_us=7 index_parse_us=0 dispatch_us=25 materialize_us=3
[vole-profile-stage] observe_us=2 probe_us=0 lookup_calls=0 index_nodes=0 index_read_us=0 index_parse_us=0 dispatch_us=0 materialize_us=0
observe-batch: request 7: UnsupportedFeature: revision lineage is a PDF-native observation; format epub has no revision structure
[vole-profile] request_loop_total_us=2743 observe_dispatch_us=2109 observe_calls=8 serialize_us=604
[vole-profile] descriptor_read_us=296 descriptor_parse_us=2061 descriptor_len=1237736
[vole-profile] manifest_read_us=9 field_open_total_us=2373
[vole-profile] store_open_us=7 field_open_us=2377 index_open_us=1 session_open_total_us=2385
[vole-profile-stage] observe_us=12 probe_us=0 lookup_calls=0 index_nodes=0 index_read_us=0 index_parse_us=0 dispatch_us=7 materialize_us=6
[vole-profile-stage] observe_us=90 probe_us=0 lookup_calls=4 index_nodes=4 index_read_us=27 index_parse_us=4 dispatch_us=88 materialize_us=11
[vole-profile-stage] observe_us=1108 probe_us=0 lookup_calls=61 index_nodes=61 index_read_us=374 index_parse_us=6 dispatch_us=1106 materialize_us=204
[vole-profile-stage] observe_us=295 probe_us=0 lookup_calls=19 index_nodes=19 index_read_us=116 index_parse_us=0 dispatch_us=291 materialize_us=51
[vole-profile-stage] observe_us=473 probe_us=0 lookup_calls=31 index_nodes=31 index_read_us=199 index_parse_us=0 dispatch_us=471 materialize_us=88
[vole-profile-stage] observe_us=25 probe_us=0 lookup_calls=1 index_nodes=1 index_read_us=6 index_parse_us=0 dispatch_us=23 materialize_us=3
[vole-profile-stage] observe_us=26 probe_us=0 lookup_calls=1 index_nodes=1 index_read_us=7 index_parse_us=0 dispatch_us=24 materialize_us=3
[vole-profile-stage] observe_us=2 probe_us=0 lookup_calls=0 index_nodes=0 index_read_us=0 index_parse_us=0 dispatch_us=0 materialize_us=0
observe-batch: request 7: UnsupportedFeature: revision lineage is a PDF-native observation; format epub has no revision structure
[vole-profile] request_loop_total_us=2687 observe_dispatch_us=2056 observe_calls=8 serialize_us=606
[vole-profile] descriptor_read_us=280 descriptor_parse_us=2057 descriptor_len=1237736
[vole-profile] manifest_read_us=10 field_open_total_us=2356
[vole-profile] store_open_us=7 field_open_us=2359 index_open_us=1 session_open_total_us=2367
[vole-profile-stage] observe_us=13 probe_us=0 lookup_calls=0 index_nodes=0 index_read_us=0 index_parse_us=0 dispatch_us=9 materialize_us=5
[vole-profile-stage] observe_us=81 probe_us=0 lookup_calls=4 index_nodes=4 index_read_us=26 index_parse_us=3 dispatch_us=79 materialize_us=11
[vole-profile-stage] observe_us=1090 probe_us=0 lookup_calls=61 index_nodes=61 index_read_us=373 index_parse_us=6 dispatch_us=1088 materialize_us=194
[vole-profile-stage] observe_us=290 probe_us=0 lookup_calls=19 index_nodes=19 index_read_us=118 index_parse_us=0 dispatch_us=287 materialize_us=50
[vole-profile-stage] observe_us=474 probe_us=0 lookup_calls=31 index_nodes=31 index_read_us=198 index_parse_us=0 dispatch_us=472 materialize_us=87
[vole-profile-stage] observe_us=24 probe_us=0 lookup_calls=1 index_nodes=1 index_read_us=6 index_parse_us=0 dispatch_us=22 materialize_us=4
[vole-profile-stage] observe_us=26 probe_us=0 lookup_calls=1 index_nodes=1 index_read_us=7 index_parse_us=0 dispatch_us=24 materialize_us=3
[vole-profile-stage] observe_us=2 probe_us=0 lookup_calls=0 index_nodes=0 index_read_us=0 index_parse_us=0 dispatch_us=0 materialize_us=0
observe-batch: request 7: UnsupportedFeature: revision lineage is a PDF-native observation; format epub has no revision structure
[vole-profile] request_loop_total_us=2608 observe_dispatch_us=2030 observe_calls=8 serialize_us=555
[vole-profile] descriptor_read_us=291 descriptor_parse_us=2077 descriptor_len=1237736
[vole-profile] manifest_read_us=8 field_open_total_us=2384
[vole-profile] store_open_us=7 field_open_us=2387 index_open_us=2 session_open_total_us=2396
[vole-profile-stage] observe_us=12 probe_us=0 lookup_calls=0 index_nodes=0 index_read_us=0 index_parse_us=0 dispatch_us=7 materialize_us=5
[vole-profile-stage] observe_us=80 probe_us=0 lookup_calls=4 index_nodes=4 index_read_us=26 index_parse_us=3 dispatch_us=78 materialize_us=12
[vole-profile-stage] observe_us=1088 probe_us=0 lookup_calls=61 index_nodes=61 index_read_us=374 index_parse_us=4 dispatch_us=1086 materialize_us=197
[vole-profile-stage] observe_us=290 probe_us=0 lookup_calls=19 index_nodes=19 index_read_us=117 index_parse_us=0 dispatch_us=288 materialize_us=48
[vole-profile-stage] observe_us=474 probe_us=0 lookup_calls=31 index_nodes=31 index_read_us=196 index_parse_us=0 dispatch_us=472 materialize_us=89
[vole-profile-stage] observe_us=24 probe_us=0 lookup_calls=1 index_nodes=1 index_read_us=6 index_parse_us=0 dispatch_us=22 materialize_us=3
[vole-profile-stage] observe_us=27 probe_us=0 lookup_calls=1 index_nodes=1 index_read_us=7 index_parse_us=0 dispatch_us=25 materialize_us=3
[vole-profile-stage] observe_us=2 probe_us=0 lookup_calls=0 index_nodes=0 index_read_us=0 index_parse_us=0 dispatch_us=0 materialize_us=0
observe-batch: request 7: UnsupportedFeature: revision lineage is a PDF-native observation; format epub has no revision structure
[vole-profile] request_loop_total_us=2619 observe_dispatch_us=2023 observe_calls=8 serialize_us=573
[vole-profile] descriptor_read_us=285 descriptor_parse_us=2064 descriptor_len=1237736
[vole-profile] manifest_read_us=8 field_open_total_us=2365
[vole-profile] store_open_us=6 field_open_us=2368 index_open_us=2 session_open_total_us=2376
[vole-profile-stage] observe_us=11 probe_us=0 lookup_calls=0 index_nodes=0 index_read_us=0 index_parse_us=0 dispatch_us=7 materialize_us=5
[vole-profile-stage] observe_us=81 probe_us=0 lookup_calls=4 index_nodes=4 index_read_us=28 index_parse_us=3 dispatch_us=79 materialize_us=11
[vole-profile-stage] observe_us=1093 probe_us=0 lookup_calls=61 index_nodes=61 index_read_us=373 index_parse_us=5 dispatch_us=1091 materialize_us=201
[vole-profile-stage] observe_us=291 probe_us=0 lookup_calls=19 index_nodes=19 index_read_us=119 index_parse_us=0 dispatch_us=288 materialize_us=52
[vole-profile-stage] observe_us=475 probe_us=0 lookup_calls=31 index_nodes=31 index_read_us=198 index_parse_us=0 dispatch_us=473 materialize_us=88
[vole-profile-stage] observe_us=26 probe_us=0 lookup_calls=1 index_nodes=1 index_read_us=6 index_parse_us=0 dispatch_us=24 materialize_us=4
[vole-profile-stage] observe_us=26 probe_us=0 lookup_calls=1 index_nodes=1 index_read_us=7 index_parse_us=0 dispatch_us=24 materialize_us=3
[vole-profile-stage] observe_us=2 probe_us=0 lookup_calls=0 index_nodes=0 index_read_us=0 index_parse_us=0 dispatch_us=0 materialize_us=0
observe-batch: request 7: UnsupportedFeature: revision lineage is a PDF-native observation; format epub has no revision structure
[vole-profile] request_loop_total_us=2620 observe_dispatch_us=2030 observe_calls=8 serialize_us=568
