[vole-profile] descriptor_read_us=51 descriptor_parse_us=282 descriptor_len=152997
[vole-profile] manifest_read_us=9 field_open_total_us=353
[vole-profile] store_open_us=39 field_open_us=356 index_open_us=2 session_open_total_us=397
[vole-profile-stage] observe_us=14 probe_us=0 lookup_calls=0 index_nodes=0 index_read_us=0 index_parse_us=0 dispatch_us=11 materialize_us=7
[vole-profile-stage] observe_us=313 probe_us=0 lookup_calls=4 index_nodes=4 index_read_us=18 index_parse_us=0 dispatch_us=311 materialize_us=44
[vole-profile-stage] observe_us=86 probe_us=0 lookup_calls=4 index_nodes=4 index_read_us=17 index_parse_us=0 dispatch_us=83 materialize_us=0
[vole-profile-stage] observe_us=26 probe_us=0 lookup_calls=4 index_nodes=4 index_read_us=17 index_parse_us=0 dispatch_us=0 materialize_us=0
observe-batch: request 3: UnsupportedFeature: DOCX main story has no heading 0
[vole-profile-stage] observe_us=32 probe_us=0 lookup_calls=4 index_nodes=4 index_read_us=16 index_parse_us=0 dispatch_us=30 materialize_us=0
[vole-profile-stage] observe_us=24 probe_us=0 lookup_calls=4 index_nodes=4 index_read_us=16 index_parse_us=0 dispatch_us=0 materialize_us=0
observe-batch: request 5: UnsupportedFeature: DOCX main story has no resource 0
[vole-profile-stage] observe_us=25 probe_us=0 lookup_calls=4 index_nodes=4 index_read_us=16 index_parse_us=0 dispatch_us=23 materialize_us=0
[vole-profile-stage] observe_us=2 probe_us=0 lookup_calls=0 index_nodes=0 index_read_us=0 index_parse_us=0 dispatch_us=0 materialize_us=0
observe-batch: request 7: UnsupportedFeature: revision lineage is a PDF-native observation; format docx has no revision structure
[vole-profile] request_loop_total_us=721 observe_dispatch_us=547 observe_calls=8 serialize_us=152
[vole-profile] descriptor_read_us=53 descriptor_parse_us=268 descriptor_len=152997
[vole-profile] manifest_read_us=7 field_open_total_us=335
[vole-profile] store_open_us=39 field_open_us=337 index_open_us=2 session_open_total_us=378
[vole-profile-stage] observe_us=10 probe_us=0 lookup_calls=0 index_nodes=0 index_read_us=0 index_parse_us=0 dispatch_us=7 materialize_us=5
[vole-profile-stage] observe_us=307 probe_us=0 lookup_calls=4 index_nodes=4 index_read_us=18 index_parse_us=0 dispatch_us=303 materialize_us=39
[vole-profile-stage] observe_us=88 probe_us=0 lookup_calls=4 index_nodes=4 index_read_us=17 index_parse_us=0 dispatch_us=85 materialize_us=0
[vole-profile-stage] observe_us=25 probe_us=0 lookup_calls=4 index_nodes=4 index_read_us=17 index_parse_us=0 dispatch_us=0 materialize_us=0
observe-batch: request 3: UnsupportedFeature: DOCX main story has no heading 0
[vole-profile-stage] observe_us=33 probe_us=0 lookup_calls=4 index_nodes=4 index_read_us=18 index_parse_us=0 dispatch_us=31 materialize_us=0
[vole-profile-stage] observe_us=27 probe_us=0 lookup_calls=4 index_nodes=4 index_read_us=19 index_parse_us=0 dispatch_us=0 materialize_us=0
observe-batch: request 5: UnsupportedFeature: DOCX main story has no resource 0
[vole-profile-stage] observe_us=25 probe_us=0 lookup_calls=4 index_nodes=4 index_read_us=16 index_parse_us=0 dispatch_us=23 materialize_us=0
[vole-profile-stage] observe_us=2 probe_us=0 lookup_calls=0 index_nodes=0 index_read_us=0 index_parse_us=0 dispatch_us=0 materialize_us=0
observe-batch: request 7: UnsupportedFeature: revision lineage is a PDF-native observation; format docx has no revision structure
[vole-profile] request_loop_total_us=707 observe_dispatch_us=541 observe_calls=8 serialize_us=144
[vole-profile] descriptor_read_us=52 descriptor_parse_us=268 descriptor_len=152997
[vole-profile] manifest_read_us=6 field_open_total_us=332
[vole-profile] store_open_us=31 field_open_us=334 index_open_us=2 session_open_total_us=367
[vole-profile-stage] observe_us=10 probe_us=0 lookup_calls=0 index_nodes=0 index_read_us=0 index_parse_us=0 dispatch_us=7 materialize_us=5
[vole-profile-stage] observe_us=306 probe_us=0 lookup_calls=4 index_nodes=4 index_read_us=18 index_parse_us=1 dispatch_us=303 materialize_us=39
[vole-profile-stage] observe_us=90 probe_us=0 lookup_calls=4 index_nodes=4 index_read_us=17 index_parse_us=0 dispatch_us=88 materialize_us=0
[vole-profile-stage] observe_us=26 probe_us=0 lookup_calls=4 index_nodes=4 index_read_us=17 index_parse_us=0 dispatch_us=0 materialize_us=0
observe-batch: request 3: UnsupportedFeature: DOCX main story has no heading 0
[vole-profile-stage] observe_us=33 probe_us=0 lookup_calls=4 index_nodes=4 index_read_us=16 index_parse_us=0 dispatch_us=31 materialize_us=0
[vole-profile-stage] observe_us=24 probe_us=0 lookup_calls=4 index_nodes=4 index_read_us=16 index_parse_us=0 dispatch_us=0 materialize_us=0
observe-batch: request 5: UnsupportedFeature: DOCX main story has no resource 0
[vole-profile-stage] observe_us=27 probe_us=0 lookup_calls=4 index_nodes=4 index_read_us=19 index_parse_us=0 dispatch_us=25 materialize_us=0
[vole-profile-stage] observe_us=2 probe_us=0 lookup_calls=0 index_nodes=0 index_read_us=0 index_parse_us=0 dispatch_us=0 materialize_us=0
observe-batch: request 7: UnsupportedFeature: revision lineage is a PDF-native observation; format docx has no revision structure
[vole-profile] request_loop_total_us=717 observe_dispatch_us=546 observe_calls=8 serialize_us=148
[vole-profile] descriptor_read_us=45 descriptor_parse_us=267 descriptor_len=152997
[vole-profile] manifest_read_us=5 field_open_total_us=322
[vole-profile] store_open_us=34 field_open_us=323 index_open_us=2 session_open_total_us=359
[vole-profile-stage] observe_us=11 probe_us=0 lookup_calls=0 index_nodes=0 index_read_us=0 index_parse_us=0 dispatch_us=6 materialize_us=4
[vole-profile-stage] observe_us=292 probe_us=0 lookup_calls=4 index_nodes=4 index_read_us=18 index_parse_us=0 dispatch_us=289 materialize_us=39
[vole-profile-stage] observe_us=85 probe_us=0 lookup_calls=4 index_nodes=4 index_read_us=17 index_parse_us=0 dispatch_us=83 materialize_us=0
[vole-profile-stage] observe_us=25 probe_us=0 lookup_calls=4 index_nodes=4 index_read_us=17 index_parse_us=0 dispatch_us=0 materialize_us=0
observe-batch: request 3: UnsupportedFeature: DOCX main story has no heading 0
[vole-profile-stage] observe_us=32 probe_us=0 lookup_calls=4 index_nodes=4 index_read_us=16 index_parse_us=0 dispatch_us=30 materialize_us=0
[vole-profile-stage] observe_us=24 probe_us=0 lookup_calls=4 index_nodes=4 index_read_us=16 index_parse_us=0 dispatch_us=0 materialize_us=0
observe-batch: request 5: UnsupportedFeature: DOCX main story has no resource 0
[vole-profile-stage] observe_us=25 probe_us=0 lookup_calls=4 index_nodes=4 index_read_us=16 index_parse_us=0 dispatch_us=23 materialize_us=0
[vole-profile-stage] observe_us=2 probe_us=0 lookup_calls=0 index_nodes=0 index_read_us=0 index_parse_us=0 dispatch_us=0 materialize_us=0
observe-batch: request 7: UnsupportedFeature: revision lineage is a PDF-native observation; format docx has no revision structure
[vole-profile] request_loop_total_us=691 observe_dispatch_us=519 observe_calls=8 serialize_us=152
[vole-profile] descriptor_read_us=41 descriptor_parse_us=259 descriptor_len=152997
[vole-profile] manifest_read_us=6 field_open_total_us=311
[vole-profile] store_open_us=25 field_open_us=313 index_open_us=1 session_open_total_us=339
[vole-profile-stage] observe_us=7 probe_us=0 lookup_calls=0 index_nodes=0 index_read_us=0 index_parse_us=0 dispatch_us=4 materialize_us=3
[vole-profile-stage] observe_us=288 probe_us=0 lookup_calls=4 index_nodes=4 index_read_us=18 index_parse_us=0 dispatch_us=285 materialize_us=42
[vole-profile-stage] observe_us=87 probe_us=0 lookup_calls=4 index_nodes=4 index_read_us=17 index_parse_us=0 dispatch_us=84 materialize_us=0
[vole-profile-stage] observe_us=25 probe_us=0 lookup_calls=4 index_nodes=4 index_read_us=17 index_parse_us=0 dispatch_us=0 materialize_us=0
observe-batch: request 3: UnsupportedFeature: DOCX main story has no heading 0
[vole-profile-stage] observe_us=31 probe_us=0 lookup_calls=4 index_nodes=4 index_read_us=16 index_parse_us=0 dispatch_us=30 materialize_us=0
[vole-profile-stage] observe_us=24 probe_us=0 lookup_calls=4 index_nodes=4 index_read_us=16 index_parse_us=0 dispatch_us=0 materialize_us=0
observe-batch: request 5: UnsupportedFeature: DOCX main story has no resource 0
[vole-profile-stage] observe_us=28 probe_us=0 lookup_calls=4 index_nodes=4 index_read_us=19 index_parse_us=0 dispatch_us=26 materialize_us=0
[vole-profile-stage] observe_us=2 probe_us=0 lookup_calls=0 index_nodes=0 index_read_us=0 index_parse_us=0 dispatch_us=0 materialize_us=0
observe-batch: request 7: UnsupportedFeature: revision lineage is a PDF-native observation; format docx has no revision structure
[vole-profile] request_loop_total_us=692 observe_dispatch_us=519 observe_calls=8 serialize_us=147
