[vole-profile] descriptor_read_us=15 descriptor_parse_us=61 descriptor_len=29264
[vole-profile] manifest_read_us=11 field_open_total_us=103
[vole-profile] store_open_us=8 field_open_us=106 index_open_us=1 session_open_total_us=115
[vole-profile-stage] observe_us=17 probe_us=0 lookup_calls=0 index_nodes=0 index_read_us=0 index_parse_us=0 dispatch_us=12 materialize_us=8
[vole-profile-stage] observe_us=94 probe_us=0 lookup_calls=4 index_nodes=4 index_read_us=12 index_parse_us=1 dispatch_us=92 materialize_us=17
[vole-profile-stage] observe_us=25 probe_us=0 lookup_calls=4 index_nodes=4 index_read_us=9 index_parse_us=0 dispatch_us=23 materialize_us=0
[vole-profile-stage] observe_us=17 probe_us=0 lookup_calls=4 index_nodes=4 index_read_us=11 index_parse_us=0 dispatch_us=0 materialize_us=0
observe-batch: request 3: UnsupportedFeature: DOCX main story has no heading 0
[vole-profile-stage] observe_us=17 probe_us=0 lookup_calls=4 index_nodes=4 index_read_us=10 index_parse_us=0 dispatch_us=15 materialize_us=0
[vole-profile-stage] observe_us=16 probe_us=0 lookup_calls=4 index_nodes=4 index_read_us=9 index_parse_us=0 dispatch_us=0 materialize_us=0
observe-batch: request 5: UnsupportedFeature: DOCX main story has no resource 0
[vole-profile-stage] observe_us=17 probe_us=0 lookup_calls=4 index_nodes=4 index_read_us=9 index_parse_us=0 dispatch_us=15 materialize_us=0
[vole-profile-stage] observe_us=2 probe_us=0 lookup_calls=0 index_nodes=0 index_read_us=0 index_parse_us=0 dispatch_us=0 materialize_us=0
observe-batch: request 7: UnsupportedFeature: revision lineage is a PDF-native observation; format docx has no revision structure
[vole-profile] request_loop_total_us=295 observe_dispatch_us=228 observe_calls=8 serialize_us=46
[vole-profile] descriptor_read_us=11 descriptor_parse_us=58 descriptor_len=29264
[vole-profile] manifest_read_us=8 field_open_total_us=83
[vole-profile] store_open_us=7 field_open_us=86 index_open_us=1 session_open_total_us=94
[vole-profile-stage] observe_us=11 probe_us=0 lookup_calls=0 index_nodes=0 index_read_us=0 index_parse_us=0 dispatch_us=5 materialize_us=4
[vole-profile-stage] observe_us=89 probe_us=0 lookup_calls=4 index_nodes=4 index_read_us=12 index_parse_us=0 dispatch_us=87 materialize_us=15
[vole-profile-stage] observe_us=26 probe_us=0 lookup_calls=4 index_nodes=4 index_read_us=13 index_parse_us=0 dispatch_us=24 materialize_us=0
[vole-profile-stage] observe_us=17 probe_us=0 lookup_calls=4 index_nodes=4 index_read_us=11 index_parse_us=0 dispatch_us=0 materialize_us=0
observe-batch: request 3: UnsupportedFeature: DOCX main story has no heading 0
[vole-profile-stage] observe_us=17 probe_us=0 lookup_calls=4 index_nodes=4 index_read_us=11 index_parse_us=0 dispatch_us=15 materialize_us=0
[vole-profile-stage] observe_us=16 probe_us=0 lookup_calls=4 index_nodes=4 index_read_us=10 index_parse_us=0 dispatch_us=0 materialize_us=0
observe-batch: request 5: UnsupportedFeature: DOCX main story has no resource 0
[vole-profile-stage] observe_us=17 probe_us=0 lookup_calls=4 index_nodes=4 index_read_us=10 index_parse_us=0 dispatch_us=15 materialize_us=0
[vole-profile-stage] observe_us=2 probe_us=0 lookup_calls=0 index_nodes=0 index_read_us=0 index_parse_us=0 dispatch_us=0 materialize_us=0
observe-batch: request 7: UnsupportedFeature: revision lineage is a PDF-native observation; format docx has no revision structure
[vole-profile] request_loop_total_us=279 observe_dispatch_us=219 observe_calls=8 serialize_us=39
[vole-profile] descriptor_read_us=13 descriptor_parse_us=58 descriptor_len=29264
[vole-profile] manifest_read_us=9 field_open_total_us=86
[vole-profile] store_open_us=7 field_open_us=89 index_open_us=1 session_open_total_us=97
[vole-profile-stage] observe_us=12 probe_us=0 lookup_calls=0 index_nodes=0 index_read_us=0 index_parse_us=0 dispatch_us=7 materialize_us=5
[vole-profile-stage] observe_us=92 probe_us=0 lookup_calls=4 index_nodes=4 index_read_us=12 index_parse_us=0 dispatch_us=90 materialize_us=15
[vole-profile-stage] observe_us=25 probe_us=0 lookup_calls=4 index_nodes=4 index_read_us=9 index_parse_us=0 dispatch_us=23 materialize_us=0
[vole-profile-stage] observe_us=17 probe_us=0 lookup_calls=4 index_nodes=4 index_read_us=11 index_parse_us=0 dispatch_us=0 materialize_us=0
observe-batch: request 3: UnsupportedFeature: DOCX main story has no heading 0
[vole-profile-stage] observe_us=17 probe_us=0 lookup_calls=4 index_nodes=4 index_read_us=11 index_parse_us=0 dispatch_us=15 materialize_us=0
[vole-profile-stage] observe_us=16 probe_us=0 lookup_calls=4 index_nodes=4 index_read_us=10 index_parse_us=0 dispatch_us=0 materialize_us=0
observe-batch: request 5: UnsupportedFeature: DOCX main story has no resource 0
[vole-profile-stage] observe_us=17 probe_us=0 lookup_calls=4 index_nodes=4 index_read_us=10 index_parse_us=0 dispatch_us=15 materialize_us=0
[vole-profile-stage] observe_us=2 probe_us=0 lookup_calls=0 index_nodes=0 index_read_us=0 index_parse_us=0 dispatch_us=0 materialize_us=0
observe-batch: request 7: UnsupportedFeature: revision lineage is a PDF-native observation; format docx has no revision structure
[vole-profile] request_loop_total_us=289 observe_dispatch_us=226 observe_calls=8 serialize_us=42
[vole-profile] descriptor_read_us=15 descriptor_parse_us=61 descriptor_len=29264
[vole-profile] manifest_read_us=9 field_open_total_us=94
[vole-profile] store_open_us=7 field_open_us=97 index_open_us=1 session_open_total_us=105
[vole-profile-stage] observe_us=11 probe_us=0 lookup_calls=0 index_nodes=0 index_read_us=0 index_parse_us=0 dispatch_us=6 materialize_us=4
[vole-profile-stage] observe_us=88 probe_us=0 lookup_calls=4 index_nodes=4 index_read_us=12 index_parse_us=0 dispatch_us=86 materialize_us=15
[vole-profile-stage] observe_us=24 probe_us=0 lookup_calls=4 index_nodes=4 index_read_us=9 index_parse_us=0 dispatch_us=22 materialize_us=0
[vole-profile-stage] observe_us=17 probe_us=0 lookup_calls=4 index_nodes=4 index_read_us=11 index_parse_us=0 dispatch_us=0 materialize_us=0
observe-batch: request 3: UnsupportedFeature: DOCX main story has no heading 0
[vole-profile-stage] observe_us=17 probe_us=0 lookup_calls=4 index_nodes=4 index_read_us=10 index_parse_us=0 dispatch_us=15 materialize_us=0
[vole-profile-stage] observe_us=16 probe_us=0 lookup_calls=4 index_nodes=4 index_read_us=10 index_parse_us=0 dispatch_us=0 materialize_us=0
observe-batch: request 5: UnsupportedFeature: DOCX main story has no resource 0
[vole-profile-stage] observe_us=17 probe_us=0 lookup_calls=4 index_nodes=4 index_read_us=9 index_parse_us=0 dispatch_us=15 materialize_us=0
[vole-profile-stage] observe_us=2 probe_us=0 lookup_calls=0 index_nodes=0 index_read_us=0 index_parse_us=0 dispatch_us=0 materialize_us=0
observe-batch: request 7: UnsupportedFeature: revision lineage is a PDF-native observation; format docx has no revision structure
[vole-profile] request_loop_total_us=277 observe_dispatch_us=212 observe_calls=8 serialize_us=43
[vole-profile] descriptor_read_us=14 descriptor_parse_us=54 descriptor_len=29264
[vole-profile] manifest_read_us=8 field_open_total_us=82
[vole-profile] store_open_us=9 field_open_us=84 index_open_us=1 session_open_total_us=94
[vole-profile-stage] observe_us=9 probe_us=0 lookup_calls=0 index_nodes=0 index_read_us=0 index_parse_us=0 dispatch_us=5 materialize_us=4
[vole-profile-stage] observe_us=89 probe_us=0 lookup_calls=4 index_nodes=4 index_read_us=12 index_parse_us=0 dispatch_us=87 materialize_us=14
[vole-profile-stage] observe_us=24 probe_us=0 lookup_calls=4 index_nodes=4 index_read_us=9 index_parse_us=0 dispatch_us=22 materialize_us=0
[vole-profile-stage] observe_us=17 probe_us=0 lookup_calls=4 index_nodes=4 index_read_us=11 index_parse_us=0 dispatch_us=0 materialize_us=0
observe-batch: request 3: UnsupportedFeature: DOCX main story has no heading 0
[vole-profile-stage] observe_us=17 probe_us=0 lookup_calls=4 index_nodes=4 index_read_us=11 index_parse_us=0 dispatch_us=16 materialize_us=0
[vole-profile-stage] observe_us=16 probe_us=0 lookup_calls=4 index_nodes=4 index_read_us=10 index_parse_us=0 dispatch_us=0 materialize_us=0
observe-batch: request 5: UnsupportedFeature: DOCX main story has no resource 0
[vole-profile-stage] observe_us=17 probe_us=0 lookup_calls=4 index_nodes=4 index_read_us=10 index_parse_us=0 dispatch_us=15 materialize_us=0
[vole-profile-stage] observe_us=2 probe_us=0 lookup_calls=0 index_nodes=0 index_read_us=0 index_parse_us=0 dispatch_us=0 materialize_us=0
observe-batch: request 7: UnsupportedFeature: revision lineage is a PDF-native observation; format docx has no revision structure
[vole-profile] request_loop_total_us=280 observe_dispatch_us=217 observe_calls=8 serialize_us=44
