[vole-profile] descriptor_read_us=19 descriptor_parse_us=75 descriptor_len=36322
[vole-profile] manifest_read_us=8 field_open_total_us=110
[vole-profile] store_open_us=37 field_open_us=113 index_open_us=1 session_open_total_us=151
[vole-profile-stage] observe_us=14 probe_us=0 lookup_calls=0 index_nodes=0 index_read_us=0 index_parse_us=0 dispatch_us=11 materialize_us=8
[vole-profile-stage] observe_us=63 probe_us=0 lookup_calls=4 index_nodes=4 index_read_us=14 index_parse_us=2 dispatch_us=60 materialize_us=12
[vole-profile-stage] observe_us=231 probe_us=0 lookup_calls=22 index_nodes=22 index_read_us=68 index_parse_us=2 dispatch_us=229 materialize_us=59
[vole-profile-stage] observe_us=171 probe_us=0 lookup_calls=19 index_nodes=19 index_read_us=62 index_parse_us=0 dispatch_us=169 materialize_us=47
[vole-profile-stage] observe_us=117 probe_us=0 lookup_calls=13 index_nodes=13 index_read_us=43 index_parse_us=0 dispatch_us=115 materialize_us=30
[vole-profile-stage] observe_us=17 probe_us=0 lookup_calls=1 index_nodes=1 index_read_us=3 index_parse_us=0 dispatch_us=15 materialize_us=4
[vole-profile-stage] observe_us=18 probe_us=0 lookup_calls=1 index_nodes=1 index_read_us=4 index_parse_us=0 dispatch_us=16 materialize_us=4
[vole-profile-stage] observe_us=2 probe_us=0 lookup_calls=0 index_nodes=0 index_read_us=0 index_parse_us=0 dispatch_us=0 materialize_us=0
observe-batch: request 7: UnsupportedFeature: revision lineage is a PDF-native observation; format epub has no revision structure
[vole-profile] request_loop_total_us=719 observe_dispatch_us=656 observe_calls=8 serialize_us=44
[vole-profile] descriptor_read_us=17 descriptor_parse_us=70 descriptor_len=36322
[vole-profile] manifest_read_us=5 field_open_total_us=96
[vole-profile] store_open_us=32 field_open_us=98 index_open_us=1 session_open_total_us=131
[vole-profile-stage] observe_us=10 probe_us=0 lookup_calls=0 index_nodes=0 index_read_us=0 index_parse_us=0 dispatch_us=6 materialize_us=4
[vole-profile-stage] observe_us=59 probe_us=0 lookup_calls=4 index_nodes=4 index_read_us=13 index_parse_us=1 dispatch_us=56 materialize_us=11
[vole-profile-stage] observe_us=243 probe_us=0 lookup_calls=22 index_nodes=22 index_read_us=69 index_parse_us=5 dispatch_us=241 materialize_us=58
[vole-profile-stage] observe_us=175 probe_us=0 lookup_calls=19 index_nodes=19 index_read_us=63 index_parse_us=0 dispatch_us=172 materialize_us=48
[vole-profile-stage] observe_us=117 probe_us=0 lookup_calls=13 index_nodes=13 index_read_us=43 index_parse_us=0 dispatch_us=115 materialize_us=32
[vole-profile-stage] observe_us=17 probe_us=0 lookup_calls=1 index_nodes=1 index_read_us=3 index_parse_us=0 dispatch_us=15 materialize_us=4
[vole-profile-stage] observe_us=23 probe_us=0 lookup_calls=1 index_nodes=1 index_read_us=5 index_parse_us=0 dispatch_us=21 materialize_us=4
[vole-profile-stage] observe_us=2 probe_us=0 lookup_calls=0 index_nodes=0 index_read_us=0 index_parse_us=0 dispatch_us=0 materialize_us=0
observe-batch: request 7: UnsupportedFeature: revision lineage is a PDF-native observation; format epub has no revision structure
[vole-profile] request_loop_total_us=742 observe_dispatch_us=669 observe_calls=8 serialize_us=55
[vole-profile] descriptor_read_us=17 descriptor_parse_us=69 descriptor_len=36322
[vole-profile] manifest_read_us=7 field_open_total_us=97
[vole-profile] store_open_us=34 field_open_us=99 index_open_us=1 session_open_total_us=134
[vole-profile-stage] observe_us=7 probe_us=0 lookup_calls=0 index_nodes=0 index_read_us=0 index_parse_us=0 dispatch_us=5 materialize_us=4
[vole-profile-stage] observe_us=60 probe_us=0 lookup_calls=4 index_nodes=4 index_read_us=14 index_parse_us=1 dispatch_us=57 materialize_us=11
[vole-profile-stage] observe_us=229 probe_us=0 lookup_calls=22 index_nodes=22 index_read_us=72 index_parse_us=2 dispatch_us=227 materialize_us=56
[vole-profile-stage] observe_us=191 probe_us=0 lookup_calls=19 index_nodes=19 index_read_us=67 index_parse_us=0 dispatch_us=189 materialize_us=51
[vole-profile-stage] observe_us=123 probe_us=0 lookup_calls=13 index_nodes=13 index_read_us=44 index_parse_us=0 dispatch_us=119 materialize_us=32
[vole-profile-stage] observe_us=17 probe_us=0 lookup_calls=1 index_nodes=1 index_read_us=3 index_parse_us=0 dispatch_us=14 materialize_us=4
[vole-profile-stage] observe_us=18 probe_us=0 lookup_calls=1 index_nodes=1 index_read_us=4 index_parse_us=0 dispatch_us=16 materialize_us=4
[vole-profile-stage] observe_us=2 probe_us=0 lookup_calls=0 index_nodes=0 index_read_us=0 index_parse_us=0 dispatch_us=0 materialize_us=0
observe-batch: request 7: UnsupportedFeature: revision lineage is a PDF-native observation; format epub has no revision structure
[vole-profile] request_loop_total_us=743 observe_dispatch_us=675 observe_calls=8 serialize_us=47
[vole-profile] descriptor_read_us=16 descriptor_parse_us=68 descriptor_len=36322
[vole-profile] manifest_read_us=6 field_open_total_us=97
[vole-profile] store_open_us=30 field_open_us=99 index_open_us=1 session_open_total_us=130
[vole-profile-stage] observe_us=8 probe_us=0 lookup_calls=0 index_nodes=0 index_read_us=0 index_parse_us=0 dispatch_us=5 materialize_us=3
[vole-profile-stage] observe_us=59 probe_us=0 lookup_calls=4 index_nodes=4 index_read_us=14 index_parse_us=1 dispatch_us=56 materialize_us=12
[vole-profile-stage] observe_us=224 probe_us=0 lookup_calls=22 index_nodes=22 index_read_us=68 index_parse_us=2 dispatch_us=222 materialize_us=57
[vole-profile-stage] observe_us=172 probe_us=0 lookup_calls=19 index_nodes=19 index_read_us=62 index_parse_us=0 dispatch_us=170 materialize_us=47
[vole-profile-stage] observe_us=122 probe_us=0 lookup_calls=13 index_nodes=13 index_read_us=44 index_parse_us=0 dispatch_us=120 materialize_us=31
[vole-profile-stage] observe_us=16 probe_us=0 lookup_calls=1 index_nodes=1 index_read_us=3 index_parse_us=0 dispatch_us=14 materialize_us=4
[vole-profile-stage] observe_us=18 probe_us=0 lookup_calls=1 index_nodes=1 index_read_us=4 index_parse_us=0 dispatch_us=16 materialize_us=4
[vole-profile-stage] observe_us=2 probe_us=0 lookup_calls=0 index_nodes=0 index_read_us=0 index_parse_us=0 dispatch_us=0 materialize_us=0
observe-batch: request 7: UnsupportedFeature: revision lineage is a PDF-native observation; format epub has no revision structure
[vole-profile] request_loop_total_us=707 observe_dispatch_us=644 observe_calls=8 serialize_us=45
[vole-profile] descriptor_read_us=17 descriptor_parse_us=69 descriptor_len=36322
[vole-profile] manifest_read_us=6 field_open_total_us=97
[vole-profile] store_open_us=29 field_open_us=99 index_open_us=0 session_open_total_us=128
[vole-profile-stage] observe_us=8 probe_us=0 lookup_calls=0 index_nodes=0 index_read_us=0 index_parse_us=0 dispatch_us=6 materialize_us=4
[vole-profile-stage] observe_us=58 probe_us=0 lookup_calls=4 index_nodes=4 index_read_us=14 index_parse_us=1 dispatch_us=55 materialize_us=12
[vole-profile-stage] observe_us=228 probe_us=0 lookup_calls=22 index_nodes=22 index_read_us=68 index_parse_us=2 dispatch_us=226 materialize_us=56
[vole-profile-stage] observe_us=169 probe_us=0 lookup_calls=19 index_nodes=19 index_read_us=62 index_parse_us=0 dispatch_us=167 materialize_us=47
[vole-profile-stage] observe_us=117 probe_us=0 lookup_calls=13 index_nodes=13 index_read_us=44 index_parse_us=0 dispatch_us=116 materialize_us=31
[vole-profile-stage] observe_us=17 probe_us=0 lookup_calls=1 index_nodes=1 index_read_us=3 index_parse_us=0 dispatch_us=15 materialize_us=4
[vole-profile-stage] observe_us=17 probe_us=0 lookup_calls=1 index_nodes=1 index_read_us=4 index_parse_us=0 dispatch_us=16 materialize_us=4
[vole-profile-stage] observe_us=2 probe_us=0 lookup_calls=0 index_nodes=0 index_read_us=0 index_parse_us=0 dispatch_us=0 materialize_us=0
observe-batch: request 7: UnsupportedFeature: revision lineage is a PDF-native observation; format epub has no revision structure
[vole-profile] request_loop_total_us=712 observe_dispatch_us=641 observe_calls=8 serialize_us=53
