[vole-profile] descriptor_read_us=424 descriptor_parse_us=2529 descriptor_len=1466727
[vole-profile] manifest_read_us=8 field_open_total_us=2973
[vole-profile] store_open_us=106 field_open_us=2975 index_open_us=3 session_open_total_us=3084
[vole-profile-stage] observe_us=14 probe_us=0 lookup_calls=0 index_nodes=0 index_read_us=0 index_parse_us=0 dispatch_us=10 materialize_us=7
[vole-profile-stage] observe_us=40 probe_us=31 lookup_calls=1 index_nodes=2 index_read_us=14 index_parse_us=3 dispatch_us=6 materialize_us=0
[vole-profile-stage] observe_us=5 probe_us=0 lookup_calls=0 index_nodes=0 index_read_us=0 index_parse_us=0 dispatch_us=3 materialize_us=0
[vole-profile-stage] observe_us=87 probe_us=0 lookup_calls=1 index_nodes=2 index_read_us=11 index_parse_us=0 dispatch_us=85 materialize_us=24
[vole-profile] request_loop_total_us=179 observe_dispatch_us=159 observe_calls=4 serialize_us=10
[vole-profile] descriptor_read_us=461 descriptor_parse_us=2479 descriptor_len=1466727
[vole-profile] manifest_read_us=8 field_open_total_us=2957
[vole-profile] store_open_us=104 field_open_us=2960 index_open_us=4 session_open_total_us=3068
[vole-profile-stage] observe_us=10 probe_us=0 lookup_calls=0 index_nodes=0 index_read_us=0 index_parse_us=0 dispatch_us=6 materialize_us=5
[vole-profile-stage] observe_us=34 probe_us=27 lookup_calls=1 index_nodes=2 index_read_us=14 index_parse_us=3 dispatch_us=4 materialize_us=0
[vole-profile-stage] observe_us=4 probe_us=0 lookup_calls=0 index_nodes=0 index_read_us=0 index_parse_us=0 dispatch_us=3 materialize_us=0
[vole-profile-stage] observe_us=85 probe_us=0 lookup_calls=1 index_nodes=2 index_read_us=10 index_parse_us=0 dispatch_us=83 materialize_us=23
[vole-profile] request_loop_total_us=164 observe_dispatch_us=146 observe_calls=4 serialize_us=9
[vole-profile] descriptor_read_us=469 descriptor_parse_us=2497 descriptor_len=1466727
[vole-profile] manifest_read_us=6 field_open_total_us=2982
[vole-profile] store_open_us=84 field_open_us=2984 index_open_us=5 session_open_total_us=3073
[vole-profile-stage] observe_us=12 probe_us=0 lookup_calls=0 index_nodes=0 index_read_us=0 index_parse_us=0 dispatch_us=8 materialize_us=6
[vole-profile-stage] observe_us=33 probe_us=27 lookup_calls=1 index_nodes=2 index_read_us=14 index_parse_us=3 dispatch_us=4 materialize_us=0
[vole-profile-stage] observe_us=4 probe_us=0 lookup_calls=0 index_nodes=0 index_read_us=0 index_parse_us=0 dispatch_us=3 materialize_us=0
[vole-profile-stage] observe_us=84 probe_us=0 lookup_calls=1 index_nodes=2 index_read_us=10 index_parse_us=0 dispatch_us=82 materialize_us=24
[vole-profile] request_loop_total_us=167 observe_dispatch_us=147 observe_calls=4 serialize_us=10
[vole-profile] descriptor_read_us=452 descriptor_parse_us=2550 descriptor_len=1466727
[vole-profile] manifest_read_us=7 field_open_total_us=3017
[vole-profile] store_open_us=99 field_open_us=3020 index_open_us=4 session_open_total_us=3123
[vole-profile-stage] observe_us=10 probe_us=0 lookup_calls=0 index_nodes=0 index_read_us=0 index_parse_us=0 dispatch_us=6 materialize_us=5
[vole-profile-stage] observe_us=34 probe_us=27 lookup_calls=1 index_nodes=2 index_read_us=14 index_parse_us=2 dispatch_us=4 materialize_us=0
[vole-profile-stage] observe_us=4 probe_us=0 lookup_calls=0 index_nodes=0 index_read_us=0 index_parse_us=0 dispatch_us=2 materialize_us=0
[vole-profile-stage] observe_us=84 probe_us=0 lookup_calls=1 index_nodes=2 index_read_us=10 index_parse_us=0 dispatch_us=83 materialize_us=23
[vole-profile] request_loop_total_us=164 observe_dispatch_us=145 observe_calls=4 serialize_us=10
[vole-profile] descriptor_read_us=410 descriptor_parse_us=2518 descriptor_len=1466727
[vole-profile] manifest_read_us=6 field_open_total_us=2942
[vole-profile] store_open_us=120 field_open_us=2945 index_open_us=4 session_open_total_us=3069
[vole-profile-stage] observe_us=13 probe_us=0 lookup_calls=0 index_nodes=0 index_read_us=0 index_parse_us=0 dispatch_us=7 materialize_us=5
[vole-profile-stage] observe_us=32 probe_us=25 lookup_calls=1 index_nodes=2 index_read_us=13 index_parse_us=3 dispatch_us=4 materialize_us=0
[vole-profile-stage] observe_us=4 probe_us=0 lookup_calls=0 index_nodes=0 index_read_us=0 index_parse_us=0 dispatch_us=2 materialize_us=0
[vole-profile-stage] observe_us=91 probe_us=0 lookup_calls=1 index_nodes=2 index_read_us=17 index_parse_us=0 dispatch_us=90 materialize_us=24
[vole-profile] request_loop_total_us=181 observe_dispatch_us=161 observe_calls=4 serialize_us=10
