[vole-profile] descriptor_read_us=303 descriptor_parse_us=1874 descriptor_len=1105542
[vole-profile] manifest_read_us=8 field_open_total_us=2198
[vole-profile] store_open_us=45 field_open_us=2201 index_open_us=4 session_open_total_us=2250
[vole-profile-stage] observe_us=18 probe_us=0 lookup_calls=0 index_nodes=0 index_read_us=0 index_parse_us=0 dispatch_us=13 materialize_us=9
[vole-profile-stage] observe_us=38 probe_us=30 lookup_calls=1 index_nodes=2 index_read_us=15 index_parse_us=3 dispatch_us=6 materialize_us=0
[vole-profile-stage] observe_us=5 probe_us=0 lookup_calls=0 index_nodes=0 index_read_us=0 index_parse_us=0 dispatch_us=3 materialize_us=0
[vole-profile-stage] observe_us=40 probe_us=0 lookup_calls=1 index_nodes=2 index_read_us=7 index_parse_us=0 dispatch_us=31 materialize_us=7
[vole-profile] request_loop_total_us=135 observe_dispatch_us=111 observe_calls=4 serialize_us=11
[vole-profile] descriptor_read_us=313 descriptor_parse_us=1874 descriptor_len=1105542
[vole-profile] manifest_read_us=6 field_open_total_us=2201
[vole-profile] store_open_us=44 field_open_us=2204 index_open_us=2 session_open_total_us=2250
[vole-profile-stage] observe_us=13 probe_us=0 lookup_calls=0 index_nodes=0 index_read_us=0 index_parse_us=0 dispatch_us=9 materialize_us=7
[vole-profile-stage] observe_us=32 probe_us=25 lookup_calls=1 index_nodes=2 index_read_us=12 index_parse_us=2 dispatch_us=5 materialize_us=0
[vole-profile-stage] observe_us=5 probe_us=0 lookup_calls=0 index_nodes=0 index_read_us=0 index_parse_us=0 dispatch_us=3 materialize_us=0
[vole-profile-stage] observe_us=25 probe_us=0 lookup_calls=1 index_nodes=2 index_read_us=7 index_parse_us=0 dispatch_us=23 materialize_us=6
[vole-profile] request_loop_total_us=107 observe_dispatch_us=87 observe_calls=4 serialize_us=9
[vole-profile] descriptor_read_us=321 descriptor_parse_us=1885 descriptor_len=1105542
[vole-profile] manifest_read_us=6 field_open_total_us=2221
[vole-profile] store_open_us=39 field_open_us=2223 index_open_us=1 session_open_total_us=2263
[vole-profile-stage] observe_us=11 probe_us=0 lookup_calls=0 index_nodes=0 index_read_us=0 index_parse_us=0 dispatch_us=8 materialize_us=6
[vole-profile-stage] observe_us=29 probe_us=23 lookup_calls=1 index_nodes=2 index_read_us=12 index_parse_us=2 dispatch_us=4 materialize_us=0
[vole-profile-stage] observe_us=4 probe_us=0 lookup_calls=0 index_nodes=0 index_read_us=0 index_parse_us=0 dispatch_us=2 materialize_us=0
[vole-profile-stage] observe_us=24 probe_us=0 lookup_calls=1 index_nodes=2 index_read_us=7 index_parse_us=0 dispatch_us=22 materialize_us=6
[vole-profile] request_loop_total_us=100 observe_dispatch_us=80 observe_calls=4 serialize_us=9
[vole-profile] descriptor_read_us=389 descriptor_parse_us=2008 descriptor_len=1105542
[vole-profile] manifest_read_us=6 field_open_total_us=2412
[vole-profile] store_open_us=39 field_open_us=2414 index_open_us=6 session_open_total_us=2459
[vole-profile-stage] observe_us=14 probe_us=0 lookup_calls=0 index_nodes=0 index_read_us=0 index_parse_us=0 dispatch_us=9 materialize_us=8
[vole-profile-stage] observe_us=39 probe_us=31 lookup_calls=1 index_nodes=2 index_read_us=13 index_parse_us=3 dispatch_us=5 materialize_us=0
[vole-profile-stage] observe_us=5 probe_us=0 lookup_calls=0 index_nodes=0 index_read_us=0 index_parse_us=0 dispatch_us=3 materialize_us=0
[vole-profile-stage] observe_us=28 probe_us=0 lookup_calls=1 index_nodes=2 index_read_us=7 index_parse_us=0 dispatch_us=25 materialize_us=7
[vole-profile] request_loop_total_us=123 observe_dispatch_us=101 observe_calls=4 serialize_us=11
[vole-profile] descriptor_read_us=368 descriptor_parse_us=1896 descriptor_len=1105542
[vole-profile] manifest_read_us=7 field_open_total_us=2280
[vole-profile] store_open_us=38 field_open_us=2282 index_open_us=5 session_open_total_us=2325
[vole-profile-stage] observe_us=12 probe_us=0 lookup_calls=0 index_nodes=0 index_read_us=0 index_parse_us=0 dispatch_us=7 materialize_us=6
[vole-profile-stage] observe_us=30 probe_us=24 lookup_calls=1 index_nodes=2 index_read_us=13 index_parse_us=2 dispatch_us=3 materialize_us=0
[vole-profile-stage] observe_us=5 probe_us=0 lookup_calls=0 index_nodes=0 index_read_us=0 index_parse_us=0 dispatch_us=3 materialize_us=0
[vole-profile-stage] observe_us=24 probe_us=0 lookup_calls=1 index_nodes=2 index_read_us=7 index_parse_us=0 dispatch_us=22 materialize_us=6
[vole-profile] request_loop_total_us=106 observe_dispatch_us=87 observe_calls=4 serialize_us=8
