    Finished `test` profile [optimized] target(s) in 0.01s
     Running unittests src/lib.rs (target/debug/deps/vole_document-f458609d372aa000)

running 271 tests
test accounting::tests::json_has_all_fields ... ok
test accounting::tests::total_sums_all_fields ... ok
test adapter::pdf::adapter::tests::detect_accepts_canonical_pdf ... ok
test adapter::pdf::adapter::tests::detect_rejects_non_pdf_and_truncated ... ok
test adapter::pdf::adapter::tests::propose_declines_non_pdf ... ok
test adapter::pdf::adapter::tests::pdf_candidate_round_trips_exactly ... ok
test adapter::pdf::adapter::tests::propose_declines_when_span_count_exceeds_graph_ops ... ok
test adapter::pdf::adapter::tests::propose_returns_pdf_candidate ... ok
test adapter::pdf::channels::tests::declines_when_too_many_tokens ... ok
test adapter::pdf::channels::tests::join_rejects_malformed_plan ... ok
test adapter::pdf::channels::tests::kind_map_is_a_bijection_onto_0_to_12 ... ok
test adapter::pdf::adapter::tests::court_prefers_raw_for_small_pdf ... ok
test adapter::pdf::cos::tests::absent_key_returns_none ... ok
test adapter::pdf::cos::tests::body_as_u64_accepts_single_integer_with_padding ... ok
test adapter::pdf::cos::tests::body_as_u64_rejects_multi_token_body ... ok
test adapter::pdf::cos::tests::body_as_u64_rejects_non_integer ... ok
test adapter::pdf::cos::tests::dict_filter_absent_without_key ... ok
test adapter::pdf::cos::tests::dict_filter_ignores_string_spelling_and_non_name_value ... ok
test adapter::pdf::cos::tests::dict_filter_reads_bare_and_single_element_array ... ok
test adapter::pdf::cos::tests::dict_filter_rejects_chain_other_filter_and_empty_array ... ok
test adapter::pdf::cos::tests::dict_int_or_ref_reads_direct_and_reference ... ok
test adapter::pdf::cos::tests::dict_int_or_ref_rejects_non_integer_and_absent ... ok
test adapter::pdf::cos::tests::dict_name_value_absent_key_and_non_name_value_return_none ... ok
test adapter::pdf::cos::tests::dict_name_value_inside_string_is_not_a_key ... ok
test adapter::pdf::cos::tests::dict_name_value_reads_xref_and_objstm_types ... ok
test adapter::pdf::cos::tests::direct_length_is_read ... ok
test adapter::pdf::cos::tests::indirect_length_is_read ... ok
test adapter::pdf::cos::tests::length_name_inside_string_is_not_a_key ... ok
test adapter::pdf::cos::tests::non_integer_value_returns_none_but_key_is_present ... ok
test adapter::pdf::large::tests::adler32_matches_known_vector ... ok
test adapter::pdf::channels::tests::payload_partition ... ok
test adapter::pdf::layout::tests::layout_falls_back_on_bad_offset ... ok
test adapter::pdf::channels::tests::deterministic ... ok
test adapter::pdf::length_revision::tests::declines_on_non_pdf ... ok
test adapter::pdf::channels::tests::split_then_join_is_identity ... ok
test adapter::pdf::large::tests::stored_zlib_round_trips_through_flate2 ... ok
test adapter::pdf::length_revision::tests::deterministic ... ok
test adapter::pdf::length_revision::tests::exact_on_classic_pdf ... ok
test adapter::pdf::cos_template::tests::declines_on_non_pdf_and_empty ... ok
test adapter::pdf::lexer::tests::arrays_and_braces ... ok
test adapter::pdf::cos_template::tests::exact_on_repetitive_pdf ... ok
test adapter::pdf::length_revision::tests::predicate_lengths_and_xref ... ok
test adapter::pdf::lexer::tests::comment_stops_before_cr ... ok
test adapter::pdf::lexer::tests::comment_to_eof_is_issue ... ok
test adapter::pdf::cos_template::tests::declines_when_no_template_fits_the_op_bound ... ok
test adapter::pdf::channels::tests::random_roundtrip ... ok
test adapter::pdf::lexer::tests::comment_to_eol_excludes_eol ... ok
test adapter::pdf::lexer::tests::cover_invariant_holds_for_a_battery ... ok
test adapter::pdf::lexer::tests::endobj_inside_literal_string_stays_one_span ... ok
test adapter::pdf::lexer::tests::dict_delimiters ... ok
test adapter::pdf::lexer::tests::endstream_like_run_without_right_terminator_is_not_a_keyword ... ok
test adapter::pdf::lexer::tests::hex_string_basic ... ok
test adapter::pdf::lexer::tests::literal_string_with_escape ... ok
test adapter::pdf::lexer::tests::literal_string_with_line_continuation ... ok
test adapter::pdf::cos_template::tests::deterministic ... ok
test adapter::pdf::lexer::tests::lone_closers_are_regular_tokens ... ok
test adapter::pdf::lexer::tests::empty_input ... ok
test adapter::pdf::lexer::tests::name_and_empty_name ... ok
test adapter::pdf::lexer::tests::endstream_at_eof_terminates_payload ... ok
test adapter::pdf::lexer::tests::literal_string_with_nested_parens ... ok
test adapter::pdf::lexer::tests::numbers_and_reference_are_regular_tokens ... ok
test adapter::pdf::lexer::tests::paren_inside_hex_string_is_not_special ... ok
test adapter::pdf::lexer::tests::percent_inside_literal_string_is_not_a_comment ... ok
test adapter::pdf::lexer::tests::span_at_over_lexed_input ... ok
test adapter::pdf::lexer::tests::single_whitespace ... ok
test adapter::pdf::lexer::tests::span_limit_triggers_resource_limit ... ok
test adapter::pdf::lexer::tests::cover_invariant_holds_for_random_bytes ... ok
test adapter::pdf::lexer::tests::stream_payload_followed_by_eol_then_endstream_still_works ... ok
test adapter::pdf::lexer::tests::stream_payload_without_trailing_eol_is_one_opaque_span ... ok
test adapter::pdf::lexer::tests::unterminated_hex_string_is_issue ... ok
test adapter::pdf::lexer::tests::unterminated_literal_string_is_issue ... ok
test adapter::pdf::lexer::tests::whitespace_run_coalesces ... ok
test adapter::pdf::physical::tests::canonical_pdf_is_fully_classified ... ok
test adapter::pdf::physical::tests::classic_xref_revision_records_startxref_and_no_prev ... ok
test adapter::pdf::physical::tests::correct_length_beats_endstream_bytes_in_payload ... ok
test adapter::pdf::physical::tests::crlf_and_lf_after_stream_are_both_handled ... ok
test adapter::pdf::physical::tests::direct_length_yields_exact_span ... ok
test adapter::pdf::physical::tests::endobj_inside_literal_string_does_not_split_object ... ok
test adapter::pdf::physical::tests::incremental_classic_trailer_prev_resolves_to_first_xref ... ok
test adapter::pdf::physical::tests::length_including_trailing_eol_is_accepted ... ok
test adapter::pdf::physical::tests::indirect_length_is_resolved_forward_reference ... ok
test adapter::pdf::physical::tests::lone_cr_after_stream_falls_back ... ok
test adapter::pdf::physical::tests::malformed_object_without_endobj_is_conservative ... ok
test adapter::pdf::physical::tests::missing_header_leaves_cover_total ... ok
test adapter::pdf::physical::tests::missing_length_uses_keyword_fallback ... ok
test adapter::pdf::physical::tests::object_roles_are_classified_from_leading_dict ... ok
test adapter::pdf::physical::tests::stream_data_with_keyword_spellings_stays_opaque ... ok
test adapter::pdf::physical::tests::stream_filter_classification_reads_flate_and_absent ... ok
test adapter::pdf::physical::tests::two_objects_with_xref_trailer_and_startxref ... ok
test adapter::pdf::physical::tests::two_revisions_have_correct_boundaries ... ok
test adapter::pdf::physical::tests::wrong_length_past_endstream_falls_back ... ok
test adapter::pdf::physical::tests::xref_stream_anchor_prev_reference_is_resolved ... ok
test adapter::pdf::physical::tests::random_bytes_never_panic_and_keep_cover ... ok
test adapter::pdf::samples::tests::regenerate_flate_fixtures ... ignored, regenerates committed fixture blobs; run manually inside Docker
test adapter::pdf::physical::tests::random_inputs_keep_streams_and_revisions_consistent ... ok
test adapter::pdf::span::tests::contiguous_set_validates_and_totals ... ok
test adapter::pdf::large::tests::large_pdf_is_a_well_formed_classic_pdf ... ok
test adapter::pdf::physical::tests::tiny_span_limit_is_resource_limit ... ok
test adapter::pdf::span::tests::empty_set_validates_zero ... ok
test adapter::pdf::span::tests::gap_is_coverage_violation ... ok
test adapter::pdf::span::tests::overlap_is_coverage_violation ... ok
test adapter::pdf::span::tests::short_cover_is_coverage_violation ... ok
test adapter::pdf::span::tests::span_at_finds_the_right_span ... ok
test adapter::pdf::span::tests::zero_length_span_is_invalid_structure ... ok
test container::checkpoint::tests::from_program_builds_contiguous_boundaries ... ok
test container::checkpoint::tests::roundtrip ... ok
test adapter::pdf::layout::tests::layout_v2_predicts_many_entries ... ok
test container::checkpoint::tests::truncation_and_over_length_are_rejected ... ok
test container::checkpoint::tests::unknown_version_and_kind_fail_closed ... ok
test container::checkpoint::tests::validate_rejects_a_foreign_graph_binding ... ok
test adapter::pdf::layout::tests::layout_v2_declines ... ok
test container::checkpoint::tests::validate_rejects_a_wrong_length ... ok
test container::descriptor::tests::absent_checkpoint_has_no_cost_and_no_feature_bit ... ok
test container::descriptor::tests::channel_scale_mismatch_rejected ... ok
test adapter::pdf::samples::tests::corpus_names_are_exactly_as_specified ... ok
test container::descriptor::tests::channel_with_missing_model_rejected ... ok
test container::descriptor::tests::checkpoint_without_directory_is_rejected ... ok
test container::checkpoint::tests::validate_accepts_an_honest_checkpoint ... ok
test container::descriptor::tests::checkpoint_roundtrips_materializes_and_charges ... ok
test container::descriptor::tests::corrupted_directory_payload_is_rejected ... ok
test container::descriptor::tests::declared_length_mismatch_rejected ... ok
test container::descriptor::tests::corrupt_or_non_optional_checkpoint_is_rejected ... ok
test container::descriptor::tests::directory_is_the_first_record_and_is_optional ... ok
test container::descriptor::tests::inconsistent_observation_index_is_rejected_on_parse ... ok
test container::descriptor::tests::non_seekable_descriptor_has_no_directory_cost ... ok
test container::descriptor::tests::model_and_channel_roundtrip ... ok
test container::descriptor::tests::lying_directory_is_rejected_on_parse ... ok
test container::descriptor::tests::lying_checkpoint_is_rejected_on_parse ... ok
test container::descriptor::tests::observation_index_roundtrip_and_charge ... ok
test container::descriptor::tests::plain_descriptor_declares_no_mandatory_features ... ok
test container::descriptor::tests::replay_descriptor_fails_closed_without_feature ... ok
test container::descriptor::tests::seek_directory_without_index_is_rejected ... ok
test container::descriptor::tests::seek_directory_roundtrips_materializes_and_charges ... ok
test container::descriptor::tests::serialize_parse_roundtrip ... ok
test container::descriptor::tests::trailing_bytes_after_trailer_rejected ... ok
test container::directory::tests::over_limit_size_is_declined_before_allocation ... ok
test container::directory::tests::encoded_length_is_the_documented_sum ... ok
test container::directory::tests::structural_validation_accepts_a_contiguous_directory ... ok
test container::directory::tests::roundtrip ... ok
test container::directory::tests::structural_validation_rejects_bad_geometry ... ok
test adapter::pdf::samples::tests::negative_controls_are_rejected_but_still_exact ... ok
test container::directory::tests::trailing_bytes_are_rejected ... ok
test container::directory::tests::truncated_section_is_rejected ... ok
test container::directory::tests::unknown_version_and_flags_fail_closed ... ok
test container::directory::tests::validate_cross_checks_the_record_framing ... ok
test container::header::tests::detects_corruption_via_crc ... ok
test container::header::tests::rejects_bad_magic ... ok
test container::header::tests::rejects_future_major_version ... ok
test container::header::tests::rejects_truncated ... ok
test adapter::pdf::samples::tests::corpus_is_deterministic ... ok
test container::header::tests::rejects_unknown_mandatory_feature ... ok
test container::header::tests::roundtrip ... ok
test container::observation::tests::all_sections_roundtrip ... ok
test container::observation::tests::op_table_roundtrips ... ok
test container::observation::tests::trailing_bytes_are_rejected ... ok
test container::observation::tests::truncated_section_is_rejected ... ok
test container::observation::tests::unknown_version_and_flags_fail_closed ... ok
test container::observation::tests::validate_accepts_a_correct_index ... ok
test container::observation::tests::validate_rejects_wrong_op_len_dep_and_selector ... ok
test container::record::tests::detects_payload_corruption ... ok
test container::record::tests::detects_truncation ... ok
test container::record::tests::enforces_record_length_limit ... ok
test container::record::tests::rejects_nonzero_reserved ... ok
test container::record::tests::write_read_roundtrip ... ok
test dra::op::tests::op_roundtrips ... ok
test dra::op::tests::rejects_truncated_operand ... ok
test dra::op::tests::rejects_unknown_opcode ... ok
test dra::op::tests::rejects_unknown_replay_codec_as_unsupported_feature ... ok
test adapter::pdf::layout::tests::layout_v2_exact ... ok
test dra::program::tests::analyze_ops_lengths_match_total_and_spans ... ok
test dra::program::tests::analyze_predicts_pack_length ... ok
test dra::program::tests::analyze_predicts_width_bytes ... ok
test dra::program::tests::coverage_gap_is_rejected ... ok
test dra::program::tests::decode_channel_and_repeat ... ok
test dra::program::tests::deflate_replay_missing_object_errors ... ok
test dra::program::tests::dra_version_is_eight ... ok
test dra::program::tests::emit_unmarked_slot_errors ... ok
test dra::program::tests::emit_width_too_small_errors ... ok
test dra::program::tests::emit_zero_pads ... ok
test dra::program::tests::enforces_output_limit ... ok
test dra::program::tests::inline_and_repeat ... ok
test dra::program::tests::interleave_lengths_must_be_4x_tokens ... ok
test dra::program::tests::interleave_predicts_from_channel_lens ... ok
test dra::program::tests::interleave_rejects_bad_channel_index ... ok
test dra::program::tests::interleave_rejects_unconsumed_payload ... ok
test dra::program::tests::interleave_roundtrip ... ok
test dra::program::tests::literal_concat_and_coverage ... ok
test dra::program::tests::mark_emit_roundtrip ... ok
test dra::program::tests::mark_slot_bound_covers_every_u8_slot ... ok
test dra::program::tests::pack_rejects_bad_slot_width ... ok
test dra::program::tests::pack_rejects_emit_before_mark ... ok
test dra::program::tests::pack_rejects_unconsumed_data ... ok
test dra::program::tests::pack_roundtrip ... ok
test dra::program::tests::pack_varint_long_len ... ok
test dra::program::tests::packed_channels_declared_len_mismatch_errors ... ok
test dra::program::tests::packed_channels_truncated_plan_errors ... ok
test dra::program::tests::program_roundtrips_via_bytes ... ok
test dra::program::tests::packed_channels_missing_channel_errors ... ok
test dra::program::tests::rejects_leading_repeat ... ok
test dra::program::tests::packed_channels_rejects_unconsumed_data ... ok
test dra::program::tests::rejects_missing_object ... ok
test dra::program::tests::replay_declared_len_above_profile_limit_is_rejected ... ok
test dra::program::tests::rejects_missing_channel ... ok
test dra::program::tests::packed_channels_roundtrip ... ok
test dra::program::tests::replay_profile_limit_arithmetic ... ok
test encode::candidates::tests::rle_declines_when_graph_too_big ... ok
test encode::candidates::tests::rle_ops_match_run_list_reference ... ok
test encode::court::tests::empty_input_is_exact ... ok
test dra::program::tests::rejects_consecutive_repeats ... ok
test encode::candidates::tests::rle_wins_on_long_runs ... ok
test encode::court::tests::raw_candidate_wins_and_is_exact ... ok
test encode::tests::deterministic_output ... ok
test adapter::pdf::layout::tests::layout_is_exact_on_corpus ... ok
test encode::tests::encode_with_force_raw_is_exact ... ok
test encode::tests::encode_with_unproposed_kind_errors ... ok
test entropy::codec::tests::enforces_payload_limit ... ok
test entropy::codec::tests::empty_payload_roundtrips ... ok
test entropy::codec::tests::enforces_symbol_count_limit ... ok
test entropy::codec::tests::header_bytes_depends_on_payload_length_not_bytes ... ok
test entropy::codec::tests::header_bytes_is_the_encode_prefix ... ok
test adapter::pdf::layout::tests::layout_v2_deterministic ... ok
test entropy::codec::tests::enforces_decoded_length_limit ... ok
test entropy::codec::tests::rejects_multilane ... ok
test entropy::codec::tests::rejects_bad_scale_bits ... ok
test encode::candidates::tests::single_byte_is_rle ... ok
test entropy::codec::tests::rejects_trailing_bytes ... ok
test entropy::codec::tests::rejects_unknown_coder ... ok
test adapter::pdf::samples::tests::valid_pdfs_detect_scan_and_propose ... ok
test encode::tests::encode_with_none_matches_encode ... ok
test encode::candidates::tests::rle_wins_on_zeros ... ok
test entropy::codec::tests::rejects_truncated_header ... ok
test entropy::codec::tests::rejects_truncated_payload ... ok
test entropy::codec::tests::rejects_unknown_version ... ok
test entropy::codec::tests::roundtrip ... ok
test entropy::model::tests::all_zero_is_uniform ... ok
test entropy::codec::tests::wire_length_is_header_plus_payload ... ok
test entropy::model::tests::alphabet_too_big_errors ... ok
test entropy::model::tests::decode_accepts_legacy_v1_dense ... ok
test entropy::model::tests::decode_rejects_trailing ... ok
test entropy::model::tests::decode_rejects_bad_sum ... ok
test entropy::model::tests::dense_form_chosen_for_full_alphabet ... ok
test entropy::model::tests::encode_is_deterministic ... ok
test entropy::model::tests::from_counts_sums_exactly ... ok
test entropy::model::tests::present_symbols_get_at_least_one ... ok
test entropy::model::tests::roundtrip_encode_decode ... ok
test entropy::model::tests::determinism ... ok
test entropy::model::tests::decode_rejects_bad_version ... ok
test entropy::model::tests::sparse_decode_rejects_unsorted_or_duplicate_symbols ... ok
test entropy::model::tests::sparse_form_chosen_for_low_alphabet ... ok
test entropy::model::tests::uniform_sums_to_target ... ok
test error::tests::display_includes_class ... ok
test error::tests::exit_codes_are_distinct_and_stable ... ok
test integrity::tests::crc32c_standard_vector ... ok
test integrity::tests::hex_roundtrip_shape ... ok
test integrity::tests::sha256_standard_vectors ... ok
test integrity::tests::streaming_matches_oneshot ... ok
test materialize::tests::exact_roundtrip ... ok
test store::io::tests::delta_is_non_negative_and_additive ... ok
test materialize::tests::materialize_in_place_matches_and_empties_inline_objects ... ok
test store::io::tests::handles_share_and_delta_sums_correctly ... ok
test store::io::tests::independent_counters_do_not_leak ... ok
test materialize::tests::detects_digest_mismatch ... ok
test entropy::model::tests::zero_symbols_get_zero ... ok
test encode::tests::encode_decode_identity ... ok
test adapter::pdf::cos_template::tests::exact_on_sample_corpus ... ok
test adapter::pdf::length_revision::tests::exact_on_sample_corpus ... ok
test encode::candidates::tests::rle_declines_on_large_incompressible ... ok
test encode::candidates::tests::byte_rans_is_deterministic ... ok
test encode::candidates::tests::raw_wins_on_incompressible ... ok
test adapter::pdf::layout::tests::layout_measurements_report ... ok
test adapter::pdf::samples::tests::every_sample_is_byte_exact_through_the_court ... ok

test result: ok. 270 passed; 0 failed; 1 ignored; 0 measured; 0 filtered out; finished in 0.03s

     Running unittests src/main.rs (target/debug/deps/vole_document-58146a73e0ce86d2)

running 0 tests

test result: ok. 0 passed; 0 failed; 0 ignored; 0 measured; 0 filtered out; finished in 0.00s

     Running tests/conformance.rs (target/debug/deps/conformance-ee4b9a97a65f32a8)

running 7 tests
test coverage_authority_literal_then_generated ... ok
test canonical_reencoding_is_byte_stable ... ok
test header_universe_id_matches_declaration ... ok
test fixed_overhead_formula_holds ... ok
test parse_serialize_model_roundtrip ... ok
test verify_report_is_accurate ... ok
test inline_literal_program_is_exact ... ok

test result: ok. 7 passed; 0 failed; 0 ignored; 0 measured; 0 filtered out; finished in 0.00s

     Running tests/crash_recovery.rs (target/debug/deps/crash_recovery-ba4d0e8252d785c6)

running 0 tests

test result: ok. 0 passed; 0 failed; 0 ignored; 0 measured; 0 filtered out; finished in 0.00s

     Running tests/cross_document_reuse.rs (target/debug/deps/cross_document_reuse-64a92835f5433d24)

running 0 tests

test result: ok. 0 passed; 0 failed; 0 ignored; 0 measured; 0 filtered out; finished in 0.00s

     Running tests/deflate_backend_equivalence.rs (target/debug/deps/deflate_backend_equivalence-06845917aff64cd3)

running 0 tests

test result: ok. 0 passed; 0 failed; 0 ignored; 0 measured; 0 filtered out; finished in 0.00s

     Running tests/deflate_simd_equivalence.rs (target/debug/deps/deflate_simd_equivalence-acbe1467895a0057)

running 0 tests

test result: ok. 0 passed; 0 failed; 0 ignored; 0 measured; 0 filtered out; finished in 0.00s

     Running tests/deflate_stats.rs (target/debug/deps/deflate_stats-13565914191602d0)

running 0 tests

test result: ok. 0 passed; 0 failed; 0 ignored; 0 measured; 0 filtered out; finished in 0.00s

     Running tests/docx_adapter.rs (target/debug/deps/docx_adapter-fec68b8c8aba171b)

running 0 tests

test result: ok. 0 passed; 0 failed; 0 ignored; 0 measured; 0 filtered out; finished in 0.00s

     Running tests/entropy.rs (target/debug/deps/entropy-57416edda1e7c10f)

running 0 tests

test result: ok. 0 passed; 0 failed; 0 ignored; 0 measured; 0 filtered out; finished in 0.00s

     Running tests/entropyfs.rs (target/debug/deps/entropyfs-b0e5436b0074f2e7)

running 0 tests

test result: ok. 0 passed; 0 failed; 0 ignored; 0 measured; 0 filtered out; finished in 0.00s

     Running tests/epub_adapter.rs (target/debug/deps/epub_adapter-ed32615e9e499461)

running 0 tests

test result: ok. 0 passed; 0 failed; 0 ignored; 0 measured; 0 filtered out; finished in 0.00s

     Running tests/epub_content.rs (target/debug/deps/epub_content-47a7e15ac1b196d4)

running 0 tests

test result: ok. 0 passed; 0 failed; 0 ignored; 0 measured; 0 filtered out; finished in 0.00s

     Running tests/exact.rs (target/debug/deps/exact-db19ffbcb0d5ddc3)

running 11 tests
test empty ... ok
test all_byte_values ... ok
test ones ... ok
test random_small ... ok
test zeros ... ok
test tiny_boundary_sizes ... ok
test single_byte_values ... ok
test encoded_overhead_is_bounded_for_incompressible_data ... ok
test sequential_cycle ... ok
test text_like ... ok
test random_large_incompressible ... ok

test result: ok. 11 passed; 0 failed; 0 ignored; 0 measured; 0 filtered out; finished in 0.19s

     Running tests/field_authority.rs (target/debug/deps/field_authority-0254923318a2ef60)

running 2 tests
test field_is_not_required_to_materialize ... ok
test decode_path_never_references_the_field_or_search ... ok

test result: ok. 2 passed; 0 failed; 0 ignored; 0 measured; 0 filtered out; finished in 0.00s

     Running tests/field_edit.rs (target/debug/deps/field_edit-42866075d7787e4a)

running 0 tests

test result: ok. 0 passed; 0 failed; 0 ignored; 0 measured; 0 filtered out; finished in 0.00s

     Running tests/field_observe.rs (target/debug/deps/field_observe-b6df69281df20e90)

running 0 tests

test result: ok. 0 passed; 0 failed; 0 ignored; 0 measured; 0 filtered out; finished in 0.00s

     Running tests/field_partial.rs (target/debug/deps/field_partial-4655309a7b5cfd42)

running 0 tests

test result: ok. 0 passed; 0 failed; 0 ignored; 0 measured; 0 filtered out; finished in 0.00s

     Running tests/field_reuse.rs (target/debug/deps/field_reuse-5e495faa8639c8ab)

running 0 tests

test result: ok. 0 passed; 0 failed; 0 ignored; 0 measured; 0 filtered out; finished in 0.00s

     Running tests/fuzz_regressions.rs (target/debug/deps/fuzz_regressions-2a111f4fe763416f)

running 0 tests

test result: ok. 0 passed; 0 failed; 0 ignored; 0 measured; 0 filtered out; finished in 0.00s

     Running tests/goldens.rs (target/debug/deps/goldens-56e2ba450ed1f9cf)

running 0 tests

test result: ok. 0 passed; 0 failed; 0 ignored; 0 measured; 0 filtered out; finished in 0.00s

     Running tests/governor.rs (target/debug/deps/governor-3eeca382d6c0c97f)

running 0 tests

test result: ok. 0 passed; 0 failed; 0 ignored; 0 measured; 0 filtered out; finished in 0.00s

     Running tests/malformed.rs (target/debug/deps/malformed-c1e40539b049710e)

running 13 tests
test court_rejects_inexact_candidate ... ok
test empty_input_is_invalid_container ... ok
test bad_magic_is_rejected ... ok
test duplicate_universe_record_is_rejected ... ok
test future_major_version_is_unsupported_not_misparsed ... ok
test repeat_expansion_is_bounded ... ok
test store_backed_descriptor_fails_closed_without_store ... ok
test unknown_mandatory_feature_bit_fails_closed ... ok
test unknown_mandatory_record_fails_closed ... ok
test wrong_exactness_profile_is_unsupported ... ok
test unknown_optional_record_is_skipped ... ok
test short_truncations_are_rejected ... ok
test every_single_byte_flip_is_detected ... ok

test result: ok. 13 passed; 0 failed; 0 ignored; 0 measured; 0 filtered out; finished in 0.00s

     Running tests/observation.rs (target/debug/deps/observation-8c0ce32fe482f92b)

running 0 tests

test result: ok. 0 passed; 0 failed; 0 ignored; 0 measured; 0 filtered out; finished in 0.00s

     Running tests/observation_cli.rs (target/debug/deps/observation_cli-da3bd28eae5c68b0)

running 0 tests

test result: ok. 0 passed; 0 failed; 0 ignored; 0 measured; 0 filtered out; finished in 0.00s

     Running tests/observation_disk.rs (target/debug/deps/observation_disk-bcc25bf429a3880e)

running 0 tests

test result: ok. 0 passed; 0 failed; 0 ignored; 0 measured; 0 filtered out; finished in 0.00s

     Running tests/observation_seek.rs (target/debug/deps/observation_seek-3d5fd199a31f0419)

running 0 tests

test result: ok. 0 passed; 0 failed; 0 ignored; 0 measured; 0 filtered out; finished in 0.00s

     Running tests/odt_adapter.rs (target/debug/deps/odt_adapter-d4d616aca6911831)

running 0 tests

test result: ok. 0 passed; 0 failed; 0 ignored; 0 measured; 0 filtered out; finished in 0.00s

     Running tests/opc_core.rs (target/debug/deps/opc_core-01037d621e6cd3f3)

running 0 tests

test result: ok. 0 passed; 0 failed; 0 ignored; 0 measured; 0 filtered out; finished in 0.00s

     Running tests/package_field.rs (target/debug/deps/package_field-b6ec5a5a71c92081)

running 0 tests

test result: ok. 0 passed; 0 failed; 0 ignored; 0 measured; 0 filtered out; finished in 0.00s

     Running tests/pdf.rs (target/debug/deps/pdf-54c60d3473e7a038)

running 8 tests
test coverage_is_total_for_every_pdf ... ok
test detection_is_validated_not_extension_based ... ok
test incremental_has_two_revisions ... ok
test non_pdf_falls_back ... ok
test string_and_stream_traps_do_not_split_objects ... ok
test every_pdf_materializes_exactly_via_physical_candidate ... ok
test court_still_prefers_raw_on_phase3 ... ok
test random_bytes_never_panic ... ok

test result: ok. 8 passed; 0 failed; 0 ignored; 0 measured; 0 filtered out; finished in 0.01s

     Running tests/pdf_channels.rs (target/debug/deps/pdf_channels-38905d45dc747cec)

running 0 tests

test result: ok. 0 passed; 0 failed; 0 ignored; 0 measured; 0 filtered out; finished in 0.00s

     Running tests/pdf_deflate.rs (target/debug/deps/pdf_deflate-d9210d2ffe149efe)

running 0 tests

test result: ok. 0 passed; 0 failed; 0 ignored; 0 measured; 0 filtered out; finished in 0.00s

     Running tests/pdf_layout.rs (target/debug/deps/pdf_layout-7b045b53bebf2c3c)

running 7 tests
test layout_bad_offset_falls_back ... ok
test layout_predicts_entries ... ok
test layout_hostile ... ok
test layout_not_selected_on_corpus ... ok
test forced_layout_is_exact ... ok
test layout_declines ... ok
test layout_deterministic ... ok

test result: ok. 7 passed; 0 failed; 0 ignored; 0 measured; 0 filtered out; finished in 0.00s

     Running tests/phase12_courts.rs (target/debug/deps/phase12_courts-21705ba368a55249)

running 0 tests

test result: ok. 0 passed; 0 failed; 0 ignored; 0 measured; 0 filtered out; finished in 0.00s

     Running tests/phase12_lifetime.rs (target/debug/deps/phase12_lifetime-c01fa6b51f144d8f)

running 7 tests
test baseline_engine_is_a_source_retaining_sqlite_fts5_cache ... ok
test corpus_generator_reuses_129_and_defines_a_large_variant ... ok
test court_scripts_are_present ... ok
test schedule_emitter_freezes_the_order ... ok
test court_runs_the_ablation_ladder ... ok
test schedule_is_pre_registered_and_complete ... ok
test schedule_pre_registers_the_ablation_ladder ... ok

test result: ok. 7 passed; 0 failed; 0 ignored; 0 measured; 0 filtered out; finished in 0.00s

     Running tests/phase12_security.rs (target/debug/deps/phase12_security-b611db814dbec275)

running 0 tests

test result: ok. 0 passed; 0 failed; 0 ignored; 0 measured; 0 filtered out; finished in 0.00s

     Running tests/phase13_checkpoints.rs (target/debug/deps/phase13_checkpoints-9769f3f9e009eb25)

running 0 tests

test result: ok. 0 passed; 0 failed; 0 ignored; 0 measured; 0 filtered out; finished in 0.00s

     Running tests/phase17_direct_field.rs (target/debug/deps/phase17_direct_field-9ae4bf0855e0e1fc)

running 0 tests

test result: ok. 0 passed; 0 failed; 0 ignored; 0 measured; 0 filtered out; finished in 0.00s

     Running tests/power_loss_proxy.rs (target/debug/deps/power_loss_proxy-a18cb4837ae0ea1d)

running 0 tests

test result: ok. 0 passed; 0 failed; 0 ignored; 0 measured; 0 filtered out; finished in 0.00s

     Running tests/property.rs (target/debug/deps/property-2a6ef21a3e2e7ec0)

running 6 tests
test oversized_claims_are_bounded ... ok
test limits_never_change_reconstructed_bytes ... ok
test random_bytes_never_panic ... ok
test mutated_valid_descriptors_are_safe ... ok
test parse_serialize_stability ... ok
test roundtrip_property ... ok

test result: ok. 6 passed; 0 failed; 0 ignored; 0 measured; 0 filtered out; finished in 0.62s

     Running tests/replay_isolation.rs (target/debug/deps/replay_isolation-6f9bc7e6292ee520)

running 0 tests

test result: ok. 0 passed; 0 failed; 0 ignored; 0 measured; 0 filtered out; finished in 0.00s

     Running tests/share_account.rs (target/debug/deps/share_account-b7ca6ff8ec5da658)

running 0 tests

test result: ok. 0 passed; 0 failed; 0 ignored; 0 measured; 0 filtered out; finished in 0.00s

     Running tests/store.rs (target/debug/deps/store-835165198de197e4)

running 0 tests

test result: ok. 0 passed; 0 failed; 0 ignored; 0 measured; 0 filtered out; finished in 0.00s

     Running tests/universal_api.rs (target/debug/deps/universal_api-42b2583856a6e10d)

running 0 tests

test result: ok. 0 passed; 0 failed; 0 ignored; 0 measured; 0 filtered out; finished in 0.00s

     Running tests/zip_physical.rs (target/debug/deps/zip_physical-4d108bc4791397f8)

running 0 tests

test result: ok. 0 passed; 0 failed; 0 ignored; 0 measured; 0 filtered out; finished in 0.00s

   Doc-tests vole_document

running 0 tests

test result: ok. 0 passed; 0 failed; 0 ignored; 0 measured; 0 filtered out; finished in 0.00s

