[vole-profile] descriptor_read_us=15 descriptor_parse_us=60 descriptor_len=29264
[vole-profile] manifest_read_us=7 field_open_total_us=92
[vole-profile] store_open_us=32 field_open_us=95 index_open_us=1 session_open_total_us=128
observe-batch: request 3: UnsupportedFeature: DOCX main story has no heading 0
observe-batch: request 5: UnsupportedFeature: DOCX main story has no resource 0
observe-batch: request 7: UnsupportedFeature: revision lineage is a PDF-native observation; format docx has no revision structure
[vole-profile] request_loop_total_us=254 observe_dispatch_us=189 observe_calls=8
[vole-profile] descriptor_read_us=13 descriptor_parse_us=58 descriptor_len=29264
[vole-profile] manifest_read_us=7 field_open_total_us=85
[vole-profile] store_open_us=32 field_open_us=88 index_open_us=1 session_open_total_us=121
observe-batch: request 3: UnsupportedFeature: DOCX main story has no heading 0
observe-batch: request 5: UnsupportedFeature: DOCX main story has no resource 0
observe-batch: request 7: UnsupportedFeature: revision lineage is a PDF-native observation; format docx has no revision structure
[vole-profile] request_loop_total_us=254 observe_dispatch_us=187 observe_calls=8
[vole-profile] descriptor_read_us=11 descriptor_parse_us=55 descriptor_len=29264
[vole-profile] manifest_read_us=5 field_open_total_us=76
[vole-profile] store_open_us=29 field_open_us=79 index_open_us=1 session_open_total_us=109
observe-batch: request 3: UnsupportedFeature: DOCX main story has no heading 0
observe-batch: request 5: UnsupportedFeature: DOCX main story has no resource 0
observe-batch: request 7: UnsupportedFeature: revision lineage is a PDF-native observation; format docx has no revision structure
[vole-profile] request_loop_total_us=239 observe_dispatch_us=179 observe_calls=8
[vole-profile] descriptor_read_us=13 descriptor_parse_us=62 descriptor_len=29264
[vole-profile] manifest_read_us=8 field_open_total_us=88
[vole-profile] store_open_us=29 field_open_us=91 index_open_us=1 session_open_total_us=121
observe-batch: request 3: UnsupportedFeature: DOCX main story has no heading 0
observe-batch: request 5: UnsupportedFeature: DOCX main story has no resource 0
observe-batch: request 7: UnsupportedFeature: revision lineage is a PDF-native observation; format docx has no revision structure
[vole-profile] request_loop_total_us=244 observe_dispatch_us=186 observe_calls=8
[vole-profile] descriptor_read_us=11 descriptor_parse_us=55 descriptor_len=29264
[vole-profile] manifest_read_us=5 field_open_total_us=76
[vole-profile] store_open_us=28 field_open_us=78 index_open_us=1 session_open_total_us=107
observe-batch: request 3: UnsupportedFeature: DOCX main story has no heading 0
observe-batch: request 5: UnsupportedFeature: DOCX main story has no resource 0
observe-batch: request 7: UnsupportedFeature: revision lineage is a PDF-native observation; format docx has no revision structure
[vole-profile] request_loop_total_us=237 observe_dispatch_us=176 observe_calls=8
