[vole-profile] descriptor_read_us=229 descriptor_parse_us=1621 descriptor_len=948903
[vole-profile] manifest_read_us=7 field_open_total_us=1870
[vole-profile] store_open_us=35 field_open_us=1873 index_open_us=2 session_open_total_us=1910
observe-batch: request 7: UnsupportedFeature: revision lineage is a PDF-native observation; format docx has no revision structure
[vole-profile] request_loop_total_us=1010 observe_dispatch_us=689 observe_calls=8
[vole-profile] descriptor_read_us=249 descriptor_parse_us=1613 descriptor_len=948903
[vole-profile] manifest_read_us=6 field_open_total_us=1874
[vole-profile] store_open_us=31 field_open_us=1877 index_open_us=3 session_open_total_us=1911
observe-batch: request 7: UnsupportedFeature: revision lineage is a PDF-native observation; format docx has no revision structure
[vole-profile] request_loop_total_us=1025 observe_dispatch_us=682 observe_calls=8
[vole-profile] descriptor_read_us=263 descriptor_parse_us=1640 descriptor_len=948903
[vole-profile] manifest_read_us=8 field_open_total_us=1917
[vole-profile] store_open_us=31 field_open_us=1919 index_open_us=2 session_open_total_us=1952
observe-batch: request 7: UnsupportedFeature: revision lineage is a PDF-native observation; format docx has no revision structure
[vole-profile] request_loop_total_us=1057 observe_dispatch_us=735 observe_calls=8
[vole-profile] descriptor_read_us=313 descriptor_parse_us=1650 descriptor_len=948903
[vole-profile] manifest_read_us=6 field_open_total_us=1977
[vole-profile] store_open_us=42 field_open_us=1979 index_open_us=4 session_open_total_us=2025
observe-batch: request 7: UnsupportedFeature: revision lineage is a PDF-native observation; format docx has no revision structure
[vole-profile] request_loop_total_us=1005 observe_dispatch_us=689 observe_calls=8
[vole-profile] descriptor_read_us=254 descriptor_parse_us=1609 descriptor_len=948903
[vole-profile] manifest_read_us=8 field_open_total_us=1877
[vole-profile] store_open_us=31 field_open_us=1880 index_open_us=4 session_open_total_us=1915
observe-batch: request 7: UnsupportedFeature: revision lineage is a PDF-native observation; format docx has no revision structure
[vole-profile] request_loop_total_us=938 observe_dispatch_us=637 observe_calls=8
